[2021-05-21T15:04:46.462-0700][gc,heap] Heap region size: 1M
[2021-05-21T15:04:46.467-0700][gc     ] Using G1
[2021-05-21T15:04:46.467-0700][gc,heap,coops] Heap address: 0x00000000c0000000, size: 1024 MB, Compressed Oops mode: 32-bit
[2021-05-21T15:04:46.468-0700][gc,cds       ] Mark closed archive regions in map: [0x00000000fff00000, 0x00000000fff6aff8]
[2021-05-21T15:04:46.468-0700][gc,cds       ] Mark open archive regions in map: [0x00000000ffe00000, 0x00000000ffe46ff8]
[2021-05-21T15:04:48.038-0700][gc,start     ] GC(0) Pause Young (Normal) (G1 Evacuation Pause)
[2021-05-21T15:04:48.038-0700][gc,task      ] GC(0) Using 10 workers of 10 for evacuation
[2021-05-21T15:04:48.045-0700][gc,phases    ] GC(0)   Pre Evacuate Collection Set: 0.0ms
[2021-05-21T15:04:48.045-0700][gc,phases    ] GC(0)   Evacuate Collection Set: 6.0ms
[2021-05-21T15:04:48.045-0700][gc,phases    ] GC(0)   Post Evacuate Collection Set: 0.3ms
[2021-05-21T15:04:48.045-0700][gc,phases    ] GC(0)   Other: 0.6ms
[2021-05-21T15:04:48.045-0700][gc,heap      ] GC(0) Eden regions: 51->0(44)
[2021-05-21T15:04:48.045-0700][gc,heap      ] GC(0) Survivor regions: 0->7(7)
[2021-05-21T15:04:48.045-0700][gc,heap      ] GC(0) Old regions: 2->2
[2021-05-21T15:04:48.045-0700][gc,heap      ] GC(0) Humongous regions: 0->0
[2021-05-21T15:04:48.045-0700][gc,metaspace ] GC(0) Metaspace: 15889K->15889K(1062912K)
[2021-05-21T15:04:48.045-0700][gc           ] GC(0) Pause Young (Normal) (G1 Evacuation Pause) 51M->6M(1024M) 6.936ms
[2021-05-21T15:04:48.045-0700][gc,cpu       ] GC(0) User=0.06s Sys=0.01s Real=0.01s
[2021-05-21T15:04:48.364-0700][gc,start     ] GC(1) Pause Young (Concurrent Start) (Metadata GC Threshold)
[2021-05-21T15:04:48.364-0700][gc,task      ] GC(1) Using 10 workers of 10 for evacuation
[2021-05-21T15:04:48.369-0700][gc,phases    ] GC(1)   Pre Evacuate Collection Set: 0.0ms
[2021-05-21T15:04:48.369-0700][gc,phases    ] GC(1)   Evacuate Collection Set: 4.8ms
[2021-05-21T15:04:48.369-0700][gc,phases    ] GC(1)   Post Evacuate Collection Set: 0.3ms
[2021-05-21T15:04:48.369-0700][gc,phases    ] GC(1)   Other: 0.2ms
[2021-05-21T15:04:48.369-0700][gc,heap      ] GC(1) Eden regions: 21->0(49)
[2021-05-21T15:04:48.369-0700][gc,heap      ] GC(1) Survivor regions: 7->2(7)
[2021-05-21T15:04:48.369-0700][gc,heap      ] GC(1) Old regions: 2->9
[2021-05-21T15:04:48.369-0700][gc,heap      ] GC(1) Humongous regions: 129->129
[2021-05-21T15:04:48.369-0700][gc,metaspace ] GC(1) Metaspace: 20553K->20553K(1067008K)
[2021-05-21T15:04:48.369-0700][gc           ] GC(1) Pause Young (Concurrent Start) (Metadata GC Threshold) 156M->137M(1024M) 5.333ms
[2021-05-21T15:04:48.369-0700][gc,cpu       ] GC(1) User=0.03s Sys=0.00s Real=0.01s
[2021-05-21T15:04:48.369-0700][gc           ] GC(2) Concurrent Cycle
[2021-05-21T15:04:48.369-0700][gc,marking   ] GC(2) Concurrent Clear Claimed Marks
[2021-05-21T15:04:48.369-0700][gc,marking   ] GC(2) Concurrent Clear Claimed Marks 0.013ms
[2021-05-21T15:04:48.369-0700][gc,marking   ] GC(2) Concurrent Scan Root Regions
[2021-05-21T15:04:48.370-0700][gc,marking   ] GC(2) Concurrent Scan Root Regions 0.693ms
[2021-05-21T15:04:48.370-0700][gc,marking   ] GC(2) Concurrent Mark (1.910s)
[2021-05-21T15:04:48.370-0700][gc,marking   ] GC(2) Concurrent Mark From Roots
[2021-05-21T15:04:48.370-0700][gc,task      ] GC(2) Using 3 workers of 3 for marking
[2021-05-21T15:04:48.374-0700][gc,marking   ] GC(2) Concurrent Mark From Roots 4.433ms
[2021-05-21T15:04:48.374-0700][gc,marking   ] GC(2) Concurrent Preclean
[2021-05-21T15:04:48.374-0700][gc,marking   ] GC(2) Concurrent Preclean 0.113ms
[2021-05-21T15:04:48.374-0700][gc,marking   ] GC(2) Concurrent Mark (1.910s, 1.915s) 4.576ms
[2021-05-21T15:04:48.374-0700][gc,start     ] GC(2) Pause Remark
[2021-05-21T15:04:48.375-0700][gc,stringtable] GC(2) Cleaned string and symbol table, strings: 5005 processed, 0 removed, symbols: 50308 processed, 50 removed
[2021-05-21T15:04:48.376-0700][gc            ] GC(2) Pause Remark 138M->138M(1024M) 1.074ms
[2021-05-21T15:04:48.376-0700][gc,cpu        ] GC(2) User=0.01s Sys=0.00s Real=0.00s
[2021-05-21T15:04:48.376-0700][gc,marking    ] GC(2) Concurrent Rebuild Remembered Sets
[2021-05-21T15:04:48.377-0700][gc,marking    ] GC(2) Concurrent Rebuild Remembered Sets 1.713ms
[2021-05-21T15:04:48.377-0700][gc,start      ] GC(2) Pause Cleanup
[2021-05-21T15:04:48.378-0700][gc            ] GC(2) Pause Cleanup 138M->138M(1024M) 0.113ms
[2021-05-21T15:04:48.378-0700][gc,cpu        ] GC(2) User=0.00s Sys=0.00s Real=0.00s
[2021-05-21T15:04:48.378-0700][gc,marking    ] GC(2) Concurrent Cleanup for Next Mark
[2021-05-21T15:04:48.380-0700][gc,marking    ] GC(2) Concurrent Cleanup for Next Mark 2.157ms
[2021-05-21T15:04:48.380-0700][gc            ] GC(2) Concurrent Cycle 10.724ms
[2021-05-21T15:04:48.967-0700][gc,start      ] GC(3) Pause Young (Normal) (G1 Evacuation Pause)
[2021-05-21T15:04:48.967-0700][gc,task       ] GC(3) Using 10 workers of 10 for evacuation
[2021-05-21T15:04:48.970-0700][gc,phases     ] GC(3)   Pre Evacuate Collection Set: 0.0ms
[2021-05-21T15:04:48.970-0700][gc,phases     ] GC(3)   Evacuate Collection Set: 2.3ms
[2021-05-21T15:04:48.970-0700][gc,phases     ] GC(3)   Post Evacuate Collection Set: 0.5ms
[2021-05-21T15:04:48.970-0700][gc,phases     ] GC(3)   Other: 0.1ms
[2021-05-21T15:04:48.970-0700][gc,heap       ] GC(3) Eden regions: 49->0(45)
[2021-05-21T15:04:48.970-0700][gc,heap       ] GC(3) Survivor regions: 2->6(7)
[2021-05-21T15:04:48.970-0700][gc,heap       ] GC(3) Old regions: 9->9
[2021-05-21T15:04:48.970-0700][gc,heap       ] GC(3) Humongous regions: 129->129
[2021-05-21T15:04:48.970-0700][gc,metaspace  ] GC(3) Metaspace: 30099K->30099K(1077248K)
[2021-05-21T15:04:48.970-0700][gc            ] GC(3) Pause Young (Normal) (G1 Evacuation Pause) 186M->140M(1024M) 3.084ms
[2021-05-21T15:04:48.970-0700][gc,cpu        ] GC(3) User=0.02s Sys=0.00s Real=0.00s
[2021-05-21T15:27:18.411-0700][gc,start      ] GC(4) Pause Young (Concurrent Start) (Metadata GC Threshold)
[2021-05-21T15:27:18.411-0700][gc,task       ] GC(4) Using 10 workers of 10 for evacuation
[2021-05-21T15:27:18.415-0700][gc,phases     ] GC(4)   Pre Evacuate Collection Set: 0.1ms
[2021-05-21T15:27:18.415-0700][gc,phases     ] GC(4)   Evacuate Collection Set: 3.9ms
[2021-05-21T15:27:18.415-0700][gc,phases     ] GC(4)   Post Evacuate Collection Set: 0.5ms
[2021-05-21T15:27:18.415-0700][gc,phases     ] GC(4)   Other: 0.3ms
[2021-05-21T15:27:18.415-0700][gc,heap       ] GC(4) Eden regions: 40->0(49)
[2021-05-21T15:27:18.415-0700][gc,heap       ] GC(4) Survivor regions: 6->2(7)
[2021-05-21T15:27:18.415-0700][gc,heap       ] GC(4) Old regions: 9->13
[2021-05-21T15:27:18.415-0700][gc,heap       ] GC(4) Humongous regions: 129->129
[2021-05-21T15:27:18.415-0700][gc,metaspace  ] GC(4) Metaspace: 34426K->34426K(1079296K)
[2021-05-21T15:27:18.415-0700][gc            ] GC(4) Pause Young (Concurrent Start) (Metadata GC Threshold) 180M->141M(1024M) 4.774ms
[2021-05-21T15:27:18.415-0700][gc,cpu        ] GC(4) User=0.03s Sys=0.00s Real=0.01s
[2021-05-21T15:27:18.415-0700][gc            ] GC(5) Concurrent Cycle
[2021-05-21T15:27:18.416-0700][gc,marking    ] GC(5) Concurrent Clear Claimed Marks
[2021-05-21T15:27:18.416-0700][gc,marking    ] GC(5) Concurrent Clear Claimed Marks 0.095ms
[2021-05-21T15:27:18.416-0700][gc,marking    ] GC(5) Concurrent Scan Root Regions
[2021-05-21T15:27:18.417-0700][gc,marking    ] GC(5) Concurrent Scan Root Regions 1.024ms
[2021-05-21T15:27:18.417-0700][gc,marking    ] GC(5) Concurrent Mark (1351.957s)
[2021-05-21T15:27:18.417-0700][gc,marking    ] GC(5) Concurrent Mark From Roots
[2021-05-21T15:27:18.417-0700][gc,task       ] GC(5) Using 3 workers of 3 for marking
[2021-05-21T15:27:18.423-0700][gc,marking    ] GC(5) Concurrent Mark From Roots 5.966ms
[2021-05-21T15:27:18.423-0700][gc,marking    ] GC(5) Concurrent Preclean
[2021-05-21T15:27:18.423-0700][gc,marking    ] GC(5) Concurrent Preclean 0.174ms
[2021-05-21T15:27:18.423-0700][gc,marking    ] GC(5) Concurrent Mark (1351.957s, 1351.963s) 6.168ms
[2021-05-21T15:27:18.423-0700][gc,start      ] GC(5) Pause Remark
[2021-05-21T15:27:18.426-0700][gc,stringtable] GC(5) Cleaned string and symbol table, strings: 9477 processed, 345 removed, symbols: 77606 processed, 28 removed
[2021-05-21T15:27:18.426-0700][gc            ] GC(5) Pause Remark 141M->141M(1024M) 3.304ms
[2021-05-21T15:27:18.426-0700][gc,cpu        ] GC(5) User=0.02s Sys=0.00s Real=0.01s
[2021-05-21T15:27:18.426-0700][gc,marking    ] GC(5) Concurrent Rebuild Remembered Sets
[2021-05-21T15:27:18.429-0700][gc,marking    ] GC(5) Concurrent Rebuild Remembered Sets 2.567ms
[2021-05-21T15:27:18.429-0700][gc,start      ] GC(5) Pause Cleanup
[2021-05-21T15:27:18.429-0700][gc            ] GC(5) Pause Cleanup 141M->141M(1024M) 0.188ms
[2021-05-21T15:27:18.429-0700][gc,cpu        ] GC(5) User=0.00s Sys=0.00s Real=0.00s
[2021-05-21T15:27:18.429-0700][gc,marking    ] GC(5) Concurrent Cleanup for Next Mark
[2021-05-21T15:27:18.432-0700][gc,marking    ] GC(5) Concurrent Cleanup for Next Mark 2.709ms
[2021-05-21T15:27:18.432-0700][gc            ] GC(5) Concurrent Cycle 16.514ms
[2021-05-21T15:36:41.444-0700][gc,heap,exit  ] Heap
[2021-05-21T15:36:41.444-0700][gc,heap,exit  ]  garbage-first heap   total 1048576K, used 164306K [0x00000000c0000000, 0x0000000100000000)
[2021-05-21T15:36:41.444-0700][gc,heap,exit  ]   region size 1024K, 23 young (23552K), 2 survivors (2048K)
[2021-05-21T15:36:41.444-0700][gc,heap,exit  ]  Metaspace       used 35109K, capacity 36725K, committed 36988K, reserved 1081344K
[2021-05-21T15:36:41.444-0700][gc,heap,exit  ]   class space    used 4630K, capacity 5384K, committed 5504K, reserved 1048576K
