[2021-05-20T21:59:13.651-0700][gc,heap] Heap region size: 1M
[2021-05-20T21:59:13.656-0700][gc     ] Using G1
[2021-05-20T21:59:13.656-0700][gc,heap,coops] Heap address: 0x00000000c0000000, size: 1024 MB, Compressed Oops mode: 32-bit
[2021-05-20T21:59:13.656-0700][gc,cds       ] Mark closed archive regions in map: [0x00000000fff00000, 0x00000000fff6aff8]
[2021-05-20T21:59:13.656-0700][gc,cds       ] Mark open archive regions in map: [0x00000000ffe00000, 0x00000000ffe46ff8]
[2021-05-20T21:59:15.097-0700][gc,start     ] GC(0) Pause Young (Normal) (G1 Evacuation Pause)
[2021-05-20T21:59:15.098-0700][gc,task      ] GC(0) Using 10 workers of 10 for evacuation
[2021-05-20T21:59:15.103-0700][gc,phases    ] GC(0)   Pre Evacuate Collection Set: 0.0ms
[2021-05-20T21:59:15.103-0700][gc,phases    ] GC(0)   Evacuate Collection Set: 5.2ms
[2021-05-20T21:59:15.103-0700][gc,phases    ] GC(0)   Post Evacuate Collection Set: 0.3ms
[2021-05-20T21:59:15.103-0700][gc,phases    ] GC(0)   Other: 0.5ms
[2021-05-20T21:59:15.103-0700][gc,heap      ] GC(0) Eden regions: 51->0(44)
[2021-05-20T21:59:15.103-0700][gc,heap      ] GC(0) Survivor regions: 0->7(7)
[2021-05-20T21:59:15.103-0700][gc,heap      ] GC(0) Old regions: 2->2
[2021-05-20T21:59:15.103-0700][gc,heap      ] GC(0) Humongous regions: 0->0
[2021-05-20T21:59:15.103-0700][gc,metaspace ] GC(0) Metaspace: 16303K->16303K(1064960K)
[2021-05-20T21:59:15.103-0700][gc           ] GC(0) Pause Young (Normal) (G1 Evacuation Pause) 51M->6M(1024M) 6.146ms
[2021-05-20T21:59:15.103-0700][gc,cpu       ] GC(0) User=0.04s Sys=0.02s Real=0.01s
[2021-05-20T21:59:15.497-0700][gc,start     ] GC(1) Pause Young (Concurrent Start) (Metadata GC Threshold)
[2021-05-20T21:59:15.497-0700][gc,task      ] GC(1) Using 10 workers of 10 for evacuation
[2021-05-20T21:59:15.503-0700][gc,phases    ] GC(1)   Pre Evacuate Collection Set: 0.1ms
[2021-05-20T21:59:15.503-0700][gc,phases    ] GC(1)   Evacuate Collection Set: 5.2ms
[2021-05-20T21:59:15.503-0700][gc,phases    ] GC(1)   Post Evacuate Collection Set: 0.3ms
[2021-05-20T21:59:15.503-0700][gc,phases    ] GC(1)   Other: 0.2ms
[2021-05-20T21:59:15.503-0700][gc,heap      ] GC(1) Eden regions: 19->0(49)
[2021-05-20T21:59:15.503-0700][gc,heap      ] GC(1) Survivor regions: 7->2(7)
[2021-05-20T21:59:15.503-0700][gc,heap      ] GC(1) Old regions: 2->9
[2021-05-20T21:59:15.503-0700][gc,heap      ] GC(1) Humongous regions: 129->129
[2021-05-20T21:59:15.503-0700][gc,metaspace ] GC(1) Metaspace: 20521K->20521K(1067008K)
[2021-05-20T21:59:15.503-0700][gc           ] GC(1) Pause Young (Concurrent Start) (Metadata GC Threshold) 154M->137M(1024M) 5.822ms
[2021-05-20T21:59:15.503-0700][gc,cpu       ] GC(1) User=0.03s Sys=0.00s Real=0.01s
[2021-05-20T21:59:15.503-0700][gc           ] GC(2) Concurrent Cycle
[2021-05-20T21:59:15.503-0700][gc,marking   ] GC(2) Concurrent Clear Claimed Marks
[2021-05-20T21:59:15.503-0700][gc,marking   ] GC(2) Concurrent Clear Claimed Marks 0.010ms
[2021-05-20T21:59:15.503-0700][gc,marking   ] GC(2) Concurrent Scan Root Regions
[2021-05-20T21:59:15.504-0700][gc,marking   ] GC(2) Concurrent Scan Root Regions 0.995ms
[2021-05-20T21:59:15.504-0700][gc,marking   ] GC(2) Concurrent Mark (1.855s)
[2021-05-20T21:59:15.504-0700][gc,marking   ] GC(2) Concurrent Mark From Roots
[2021-05-20T21:59:15.504-0700][gc,task      ] GC(2) Using 3 workers of 3 for marking
[2021-05-20T21:59:15.509-0700][gc,marking   ] GC(2) Concurrent Mark From Roots 5.202ms
[2021-05-20T21:59:15.509-0700][gc,marking   ] GC(2) Concurrent Preclean
[2021-05-20T21:59:15.509-0700][gc,marking   ] GC(2) Concurrent Preclean 0.122ms
[2021-05-20T21:59:15.509-0700][gc,marking   ] GC(2) Concurrent Mark (1.855s, 1.861s) 5.363ms
[2021-05-20T21:59:15.510-0700][gc,start     ] GC(2) Pause Remark
[2021-05-20T21:59:15.517-0700][gc,stringtable] GC(2) Cleaned string and symbol table, strings: 5006 processed, 0 removed, symbols: 50365 processed, 50 removed
[2021-05-20T21:59:15.517-0700][gc            ] GC(2) Pause Remark 138M->138M(1024M) 7.496ms
[2021-05-20T21:59:15.517-0700][gc,cpu        ] GC(2) User=0.01s Sys=0.00s Real=0.01s
[2021-05-20T21:59:15.517-0700][gc,marking    ] GC(2) Concurrent Rebuild Remembered Sets
[2021-05-20T21:59:15.519-0700][gc,marking    ] GC(2) Concurrent Rebuild Remembered Sets 1.822ms
[2021-05-20T21:59:15.519-0700][gc,start      ] GC(2) Pause Cleanup
[2021-05-20T21:59:15.519-0700][gc            ] GC(2) Pause Cleanup 138M->138M(1024M) 0.187ms
[2021-05-20T21:59:15.519-0700][gc,cpu        ] GC(2) User=0.00s Sys=0.00s Real=0.00s
[2021-05-20T21:59:15.519-0700][gc,marking    ] GC(2) Concurrent Cleanup for Next Mark
[2021-05-20T21:59:15.522-0700][gc,marking    ] GC(2) Concurrent Cleanup for Next Mark 2.149ms
[2021-05-20T21:59:15.522-0700][gc            ] GC(2) Concurrent Cycle 18.659ms
[2021-05-20T21:59:15.967-0700][gc,start      ] GC(3) Pause Young (Normal) (GCLocker Initiated GC)
[2021-05-20T21:59:15.967-0700][gc,task       ] GC(3) Using 10 workers of 10 for evacuation
[2021-05-20T21:59:15.969-0700][gc,phases     ] GC(3)   Pre Evacuate Collection Set: 0.0ms
[2021-05-20T21:59:15.969-0700][gc,phases     ] GC(3)   Evacuate Collection Set: 1.9ms
[2021-05-20T21:59:15.969-0700][gc,phases     ] GC(3)   Post Evacuate Collection Set: 0.2ms
[2021-05-20T21:59:15.969-0700][gc,phases     ] GC(3)   Other: 0.1ms
[2021-05-20T21:59:15.969-0700][gc,heap       ] GC(3) Eden regions: 50->0(46)
[2021-05-20T21:59:15.969-0700][gc,heap       ] GC(3) Survivor regions: 2->5(7)
[2021-05-20T21:59:15.969-0700][gc,heap       ] GC(3) Old regions: 9->9
[2021-05-20T21:59:15.969-0700][gc,heap       ] GC(3) Humongous regions: 129->129
[2021-05-20T21:59:15.969-0700][gc,metaspace  ] GC(3) Metaspace: 29991K->29991K(1077248K)
[2021-05-20T21:59:15.969-0700][gc            ] GC(3) Pause Young (Normal) (GCLocker Initiated GC) 186M->140M(1024M) 2.215ms
[2021-05-20T21:59:15.969-0700][gc,cpu        ] GC(3) User=0.02s Sys=0.00s Real=0.00s
[2021-05-20T22:31:58.036-0700][gc,start      ] GC(4) Pause Young (Normal) (G1 Evacuation Pause)
[2021-05-20T22:31:58.036-0700][gc,task       ] GC(4) Using 10 workers of 10 for evacuation
[2021-05-20T22:31:58.045-0700][gc,phases     ] GC(4)   Pre Evacuate Collection Set: 0.0ms
[2021-05-20T22:31:58.045-0700][gc,phases     ] GC(4)   Evacuate Collection Set: 8.0ms
[2021-05-20T22:31:58.045-0700][gc,phases     ] GC(4)   Post Evacuate Collection Set: 0.9ms
[2021-05-20T22:31:58.045-0700][gc,phases     ] GC(4)   Other: 0.4ms
[2021-05-20T22:31:58.045-0700][gc,heap       ] GC(4) Eden regions: 46->0(50)
[2021-05-20T22:31:58.045-0700][gc,heap       ] GC(4) Survivor regions: 5->1(7)
[2021-05-20T22:31:58.045-0700][gc,heap       ] GC(4) Old regions: 9->13
[2021-05-20T22:31:58.045-0700][gc,heap       ] GC(4) Humongous regions: 129->129
[2021-05-20T22:31:58.046-0700][gc,metaspace  ] GC(4) Metaspace: 34391K->34391K(1079296K)
[2021-05-20T22:31:58.046-0700][gc            ] GC(4) Pause Young (Normal) (G1 Evacuation Pause) 186M->141M(1024M) 9.523ms
[2021-05-20T22:31:58.046-0700][gc,cpu        ] GC(4) User=0.08s Sys=0.00s Real=0.01s
[2021-05-20T22:41:25.762-0700][gc,start      ] GC(5) Pause Young (Concurrent Start) (Metadata GC Threshold)
[2021-05-20T22:41:25.762-0700][gc,task       ] GC(5) Using 10 workers of 10 for evacuation
[2021-05-20T22:41:25.767-0700][gc,phases     ] GC(5)   Pre Evacuate Collection Set: 0.2ms
[2021-05-20T22:41:25.767-0700][gc,phases     ] GC(5)   Evacuate Collection Set: 3.5ms
[2021-05-20T22:41:25.767-0700][gc,phases     ] GC(5)   Post Evacuate Collection Set: 1.1ms
[2021-05-20T22:41:25.767-0700][gc,phases     ] GC(5)   Other: 0.5ms
[2021-05-20T22:41:25.767-0700][gc,heap       ] GC(5) Eden regions: 10->0(50)
[2021-05-20T22:41:25.767-0700][gc,heap       ] GC(5) Survivor regions: 1->1(7)
[2021-05-20T22:41:25.768-0700][gc,heap       ] GC(5) Old regions: 13->13
[2021-05-20T22:41:25.768-0700][gc,heap       ] GC(5) Humongous regions: 129->129
[2021-05-20T22:41:25.768-0700][gc,metaspace  ] GC(5) Metaspace: 34429K->34429K(1079296K)
[2021-05-20T22:41:25.768-0700][gc            ] GC(5) Pause Young (Concurrent Start) (Metadata GC Threshold) 151M->141M(1024M) 5.457ms
[2021-05-20T22:41:25.768-0700][gc,cpu        ] GC(5) User=0.02s Sys=0.02s Real=0.01s
[2021-05-20T22:41:25.768-0700][gc            ] GC(6) Concurrent Cycle
[2021-05-20T22:41:25.768-0700][gc,marking    ] GC(6) Concurrent Clear Claimed Marks
[2021-05-20T22:41:25.768-0700][gc,marking    ] GC(6) Concurrent Clear Claimed Marks 0.118ms
[2021-05-20T22:41:25.768-0700][gc,marking    ] GC(6) Concurrent Scan Root Regions
[2021-05-20T22:41:25.771-0700][gc,marking    ] GC(6) Concurrent Scan Root Regions 2.817ms
[2021-05-20T22:41:25.771-0700][gc,marking    ] GC(6) Concurrent Mark (2532.122s)
[2021-05-20T22:41:25.771-0700][gc,marking    ] GC(6) Concurrent Mark From Roots
[2021-05-20T22:41:25.771-0700][gc,task       ] GC(6) Using 3 workers of 3 for marking
[2021-05-20T22:41:25.780-0700][gc,marking    ] GC(6) Concurrent Mark From Roots 9.504ms
[2021-05-20T22:41:25.780-0700][gc,marking    ] GC(6) Concurrent Preclean
[2021-05-20T22:41:25.780-0700][gc,marking    ] GC(6) Concurrent Preclean 0.134ms
[2021-05-20T22:41:25.780-0700][gc,marking    ] GC(6) Concurrent Mark (2532.122s, 2532.132s) 9.677ms
[2021-05-20T22:41:25.781-0700][gc,start      ] GC(6) Pause Remark
[2021-05-20T22:41:25.783-0700][gc,stringtable] GC(6) Cleaned string and symbol table, strings: 9550 processed, 353 removed, symbols: 77576 processed, 28 removed
[2021-05-20T22:41:25.783-0700][gc            ] GC(6) Pause Remark 141M->141M(1024M) 2.670ms
[2021-05-20T22:41:25.783-0700][gc,cpu        ] GC(6) User=0.02s Sys=0.00s Real=0.01s
[2021-05-20T22:41:25.783-0700][gc,marking    ] GC(6) Concurrent Rebuild Remembered Sets
[2021-05-20T22:41:25.786-0700][gc,marking    ] GC(6) Concurrent Rebuild Remembered Sets 3.032ms
[2021-05-20T22:41:25.786-0700][gc,start      ] GC(6) Pause Cleanup
[2021-05-20T22:41:25.786-0700][gc            ] GC(6) Pause Cleanup 141M->141M(1024M) 0.086ms
[2021-05-20T22:41:25.786-0700][gc,cpu        ] GC(6) User=0.00s Sys=0.00s Real=0.00s
[2021-05-20T22:41:25.787-0700][gc,marking    ] GC(6) Concurrent Cleanup for Next Mark
[2021-05-20T22:41:25.789-0700][gc,marking    ] GC(6) Concurrent Cleanup for Next Mark 2.224ms
[2021-05-20T22:41:25.789-0700][gc            ] GC(6) Concurrent Cycle 21.028ms
[2021-05-20T23:36:00.751-0700][gc,start      ] GC(7) Pause Young (Normal) (G1 Evacuation Pause)
[2021-05-20T23:36:00.751-0700][gc,task       ] GC(7) Using 10 workers of 10 for evacuation
[2021-05-20T23:36:00.756-0700][gc,phases     ] GC(7)   Pre Evacuate Collection Set: 0.0ms
[2021-05-20T23:36:00.756-0700][gc,phases     ] GC(7)   Evacuate Collection Set: 4.1ms
[2021-05-20T23:36:00.756-0700][gc,phases     ] GC(7)   Post Evacuate Collection Set: 1.0ms
[2021-05-20T23:36:00.757-0700][gc,phases     ] GC(7)   Other: 0.3ms
[2021-05-20T23:36:00.757-0700][gc,heap       ] GC(7) Eden regions: 50->0(50)
[2021-05-20T23:36:00.757-0700][gc,heap       ] GC(7) Survivor regions: 1->1(7)
[2021-05-20T23:36:00.757-0700][gc,heap       ] GC(7) Old regions: 13->13
[2021-05-20T23:36:00.757-0700][gc,heap       ] GC(7) Humongous regions: 129->129
[2021-05-20T23:36:00.757-0700][gc,metaspace  ] GC(7) Metaspace: 34526K->34526K(1081344K)
[2021-05-20T23:36:00.757-0700][gc            ] GC(7) Pause Young (Normal) (G1 Evacuation Pause) 191M->141M(1024M) 5.738ms
[2021-05-20T23:36:00.757-0700][gc,cpu        ] GC(7) User=0.04s Sys=0.00s Real=0.00s
[2021-05-20T23:43:20.205-0700][gc,heap,exit  ] Heap
[2021-05-20T23:43:20.205-0700][gc,heap,exit  ]  garbage-first heap   total 1048576K, used 159092K [0x00000000c0000000, 0x0000000100000000)
[2021-05-20T23:43:20.205-0700][gc,heap,exit  ]   region size 1024K, 17 young (17408K), 1 survivors (1024K)
[2021-05-20T23:43:20.205-0700][gc,heap,exit  ]  Metaspace       used 35196K, capacity 36820K, committed 36988K, reserved 1081344K
[2021-05-20T23:43:20.205-0700][gc,heap,exit  ]   class space    used 4650K, capacity 5419K, committed 5504K, reserved 1048576K
