[2021-05-22T11:59:58.130-0700][gc,heap] Heap region size: 1M
[2021-05-22T11:59:58.136-0700][gc     ] Using G1
[2021-05-22T11:59:58.136-0700][gc,heap,coops] Heap address: 0x00000000c0000000, size: 1024 MB, Compressed Oops mode: 32-bit
[2021-05-22T11:59:58.136-0700][gc,cds       ] Mark closed archive regions in map: [0x00000000fff00000, 0x00000000fff6aff8]
[2021-05-22T11:59:58.136-0700][gc,cds       ] Mark open archive regions in map: [0x00000000ffe00000, 0x00000000ffe46ff8]
[2021-05-22T11:59:59.508-0700][gc,start     ] GC(0) Pause Young (Normal) (G1 Evacuation Pause)
[2021-05-22T11:59:59.509-0700][gc,task      ] GC(0) Using 10 workers of 10 for evacuation
[2021-05-22T11:59:59.520-0700][gc,phases    ] GC(0)   Pre Evacuate Collection Set: 0.0ms
[2021-05-22T11:59:59.520-0700][gc,phases    ] GC(0)   Evacuate Collection Set: 10.6ms
[2021-05-22T11:59:59.520-0700][gc,phases    ] GC(0)   Post Evacuate Collection Set: 0.4ms
[2021-05-22T11:59:59.520-0700][gc,phases    ] GC(0)   Other: 1.0ms
[2021-05-22T11:59:59.520-0700][gc,heap      ] GC(0) Eden regions: 51->0(44)
[2021-05-22T11:59:59.520-0700][gc,heap      ] GC(0) Survivor regions: 0->7(7)
[2021-05-22T11:59:59.520-0700][gc,heap      ] GC(0) Old regions: 2->2
[2021-05-22T11:59:59.520-0700][gc,heap      ] GC(0) Humongous regions: 0->0
[2021-05-22T11:59:59.520-0700][gc,metaspace ] GC(0) Metaspace: 15886K->15886K(1062912K)
[2021-05-22T11:59:59.520-0700][gc           ] GC(0) Pause Young (Normal) (G1 Evacuation Pause) 51M->6M(1024M) 12.149ms
[2021-05-22T11:59:59.521-0700][gc,cpu       ] GC(0) User=0.09s Sys=0.00s Real=0.02s
[2021-05-22T11:59:59.857-0700][gc,start     ] GC(1) Pause Young (Concurrent Start) (Metadata GC Threshold)
[2021-05-22T11:59:59.857-0700][gc,task      ] GC(1) Using 10 workers of 10 for evacuation
[2021-05-22T11:59:59.862-0700][gc,phases    ] GC(1)   Pre Evacuate Collection Set: 0.0ms
[2021-05-22T11:59:59.862-0700][gc,phases    ] GC(1)   Evacuate Collection Set: 4.6ms
[2021-05-22T11:59:59.862-0700][gc,phases    ] GC(1)   Post Evacuate Collection Set: 0.3ms
[2021-05-22T11:59:59.862-0700][gc,phases    ] GC(1)   Other: 0.2ms
[2021-05-22T11:59:59.862-0700][gc,heap      ] GC(1) Eden regions: 21->0(49)
[2021-05-22T11:59:59.862-0700][gc,heap      ] GC(1) Survivor regions: 7->2(7)
[2021-05-22T11:59:59.862-0700][gc,heap      ] GC(1) Old regions: 2->9
[2021-05-22T11:59:59.862-0700][gc,heap      ] GC(1) Humongous regions: 129->129
[2021-05-22T11:59:59.862-0700][gc,metaspace ] GC(1) Metaspace: 20558K->20558K(1067008K)
[2021-05-22T11:59:59.862-0700][gc           ] GC(1) Pause Young (Concurrent Start) (Metadata GC Threshold) 156M->137M(1024M) 5.114ms
[2021-05-22T11:59:59.862-0700][gc,cpu       ] GC(1) User=0.02s Sys=0.01s Real=0.00s
[2021-05-22T11:59:59.862-0700][gc           ] GC(2) Concurrent Cycle
[2021-05-22T11:59:59.862-0700][gc,marking   ] GC(2) Concurrent Clear Claimed Marks
[2021-05-22T11:59:59.862-0700][gc,marking   ] GC(2) Concurrent Clear Claimed Marks 0.012ms
[2021-05-22T11:59:59.862-0700][gc,marking   ] GC(2) Concurrent Scan Root Regions
[2021-05-22T11:59:59.863-0700][gc,marking   ] GC(2) Concurrent Scan Root Regions 0.789ms
[2021-05-22T11:59:59.863-0700][gc,marking   ] GC(2) Concurrent Mark (1.735s)
[2021-05-22T11:59:59.863-0700][gc,marking   ] GC(2) Concurrent Mark From Roots
[2021-05-22T11:59:59.863-0700][gc,task      ] GC(2) Using 3 workers of 3 for marking
[2021-05-22T11:59:59.869-0700][gc,marking   ] GC(2) Concurrent Mark From Roots 5.542ms
[2021-05-22T11:59:59.869-0700][gc,marking   ] GC(2) Concurrent Preclean
[2021-05-22T11:59:59.869-0700][gc,marking   ] GC(2) Concurrent Preclean 0.095ms
[2021-05-22T11:59:59.869-0700][gc,marking   ] GC(2) Concurrent Mark (1.735s, 1.741s) 5.665ms
[2021-05-22T11:59:59.869-0700][gc,start     ] GC(2) Pause Remark
[2021-05-22T11:59:59.870-0700][gc,stringtable] GC(2) Cleaned string and symbol table, strings: 5005 processed, 0 removed, symbols: 50313 processed, 50 removed
[2021-05-22T11:59:59.870-0700][gc            ] GC(2) Pause Remark 138M->138M(1024M) 1.315ms
[2021-05-22T11:59:59.870-0700][gc,cpu        ] GC(2) User=0.00s Sys=0.00s Real=0.00s
[2021-05-22T11:59:59.870-0700][gc,marking    ] GC(2) Concurrent Rebuild Remembered Sets
[2021-05-22T11:59:59.872-0700][gc,marking    ] GC(2) Concurrent Rebuild Remembered Sets 1.577ms
[2021-05-22T11:59:59.872-0700][gc,start      ] GC(2) Pause Cleanup
[2021-05-22T11:59:59.872-0700][gc            ] GC(2) Pause Cleanup 138M->138M(1024M) 0.143ms
[2021-05-22T11:59:59.872-0700][gc,cpu        ] GC(2) User=0.00s Sys=0.00s Real=0.00s
[2021-05-22T11:59:59.872-0700][gc,marking    ] GC(2) Concurrent Cleanup for Next Mark
[2021-05-22T11:59:59.874-0700][gc,marking    ] GC(2) Concurrent Cleanup for Next Mark 1.934ms
[2021-05-22T11:59:59.874-0700][gc            ] GC(2) Concurrent Cycle 11.730ms
[2021-05-22T12:00:00.489-0700][gc,start      ] GC(3) Pause Young (Normal) (G1 Evacuation Pause)
[2021-05-22T12:00:00.489-0700][gc,task       ] GC(3) Using 10 workers of 10 for evacuation
[2021-05-22T12:00:00.491-0700][gc,phases     ] GC(3)   Pre Evacuate Collection Set: 0.0ms
[2021-05-22T12:00:00.491-0700][gc,phases     ] GC(3)   Evacuate Collection Set: 1.9ms
[2021-05-22T12:00:00.491-0700][gc,phases     ] GC(3)   Post Evacuate Collection Set: 0.3ms
[2021-05-22T12:00:00.491-0700][gc,phases     ] GC(3)   Other: 0.1ms
[2021-05-22T12:00:00.491-0700][gc,heap       ] GC(3) Eden regions: 49->0(45)
[2021-05-22T12:00:00.491-0700][gc,heap       ] GC(3) Survivor regions: 2->6(7)
[2021-05-22T12:00:00.491-0700][gc,heap       ] GC(3) Old regions: 9->9
[2021-05-22T12:00:00.491-0700][gc,heap       ] GC(3) Humongous regions: 129->129
[2021-05-22T12:00:00.491-0700][gc,metaspace  ] GC(3) Metaspace: 30072K->30072K(1077248K)
[2021-05-22T12:00:00.491-0700][gc            ] GC(3) Pause Young (Normal) (G1 Evacuation Pause) 186M->140M(1024M) 2.363ms
[2021-05-22T12:00:00.491-0700][gc,cpu        ] GC(3) User=0.02s Sys=0.01s Real=0.00s
[2021-05-22T12:02:50.195-0700][gc,start      ] GC(4) Pause Young (Concurrent Start) (Metadata GC Threshold)
[2021-05-22T12:02:50.195-0700][gc,task       ] GC(4) Using 10 workers of 10 for evacuation
[2021-05-22T12:02:50.199-0700][gc,phases     ] GC(4)   Pre Evacuate Collection Set: 0.1ms
[2021-05-22T12:02:50.199-0700][gc,phases     ] GC(4)   Evacuate Collection Set: 3.3ms
[2021-05-22T12:02:50.199-0700][gc,phases     ] GC(4)   Post Evacuate Collection Set: 0.4ms
[2021-05-22T12:02:50.199-0700][gc,phases     ] GC(4)   Other: 0.2ms
[2021-05-22T12:02:50.199-0700][gc,heap       ] GC(4) Eden regions: 23->0(49)
[2021-05-22T12:02:50.199-0700][gc,heap       ] GC(4) Survivor regions: 6->2(7)
[2021-05-22T12:02:50.199-0700][gc,heap       ] GC(4) Old regions: 9->13
[2021-05-22T12:02:50.199-0700][gc,heap       ] GC(4) Humongous regions: 129->129
[2021-05-22T12:02:50.199-0700][gc,metaspace  ] GC(4) Metaspace: 34456K->34456K(1079296K)
[2021-05-22T12:02:50.199-0700][gc            ] GC(4) Pause Young (Concurrent Start) (Metadata GC Threshold) 162M->141M(1024M) 4.013ms
[2021-05-22T12:02:50.199-0700][gc,cpu        ] GC(4) User=0.02s Sys=0.00s Real=0.01s
[2021-05-22T12:02:50.199-0700][gc            ] GC(5) Concurrent Cycle
[2021-05-22T12:02:50.199-0700][gc,marking    ] GC(5) Concurrent Clear Claimed Marks
[2021-05-22T12:02:50.199-0700][gc,marking    ] GC(5) Concurrent Clear Claimed Marks 0.085ms
[2021-05-22T12:02:50.199-0700][gc,marking    ] GC(5) Concurrent Scan Root Regions
[2021-05-22T12:02:50.200-0700][gc,marking    ] GC(5) Concurrent Scan Root Regions 0.843ms
[2021-05-22T12:02:50.200-0700][gc,marking    ] GC(5) Concurrent Mark (172.072s)
[2021-05-22T12:02:50.200-0700][gc,marking    ] GC(5) Concurrent Mark From Roots
[2021-05-22T12:02:50.200-0700][gc,task       ] GC(5) Using 3 workers of 3 for marking
[2021-05-22T12:02:50.208-0700][gc,marking    ] GC(5) Concurrent Mark From Roots 7.577ms
[2021-05-22T12:02:50.208-0700][gc,marking    ] GC(5) Concurrent Preclean
[2021-05-22T12:02:50.208-0700][gc,marking    ] GC(5) Concurrent Preclean 0.119ms
[2021-05-22T12:02:50.208-0700][gc,marking    ] GC(5) Concurrent Mark (172.072s, 172.080s) 7.727ms
[2021-05-22T12:02:50.209-0700][gc,start      ] GC(5) Pause Remark
[2021-05-22T12:02:50.210-0700][gc,stringtable] GC(5) Cleaned string and symbol table, strings: 9480 processed, 11 removed, symbols: 78208 processed, 29 removed
[2021-05-22T12:02:50.210-0700][gc            ] GC(5) Pause Remark 141M->141M(1024M) 1.214ms
[2021-05-22T12:02:50.210-0700][gc,cpu        ] GC(5) User=0.01s Sys=0.00s Real=0.00s
[2021-05-22T12:02:50.210-0700][gc,marking    ] GC(5) Concurrent Rebuild Remembered Sets
[2021-05-22T12:02:50.213-0700][gc,marking    ] GC(5) Concurrent Rebuild Remembered Sets 2.725ms
[2021-05-22T12:02:50.213-0700][gc,start      ] GC(5) Pause Cleanup
[2021-05-22T12:02:50.213-0700][gc            ] GC(5) Pause Cleanup 142M->142M(1024M) 0.209ms
[2021-05-22T12:02:50.213-0700][gc,cpu        ] GC(5) User=0.00s Sys=0.00s Real=0.00s
[2021-05-22T12:02:50.213-0700][gc,marking    ] GC(5) Concurrent Cleanup for Next Mark
[2021-05-22T12:02:50.215-0700][gc,marking    ] GC(5) Concurrent Cleanup for Next Mark 2.420ms
[2021-05-22T12:02:50.215-0700][gc            ] GC(5) Concurrent Cycle 16.205ms
[2021-05-22T12:04:48.107-0700][gc,start      ] GC(6) Pause Young (Normal) (G1 Evacuation Pause)
[2021-05-22T12:04:48.107-0700][gc,task       ] GC(6) Using 10 workers of 10 for evacuation
[2021-05-22T12:04:48.110-0700][gc,phases     ] GC(6)   Pre Evacuate Collection Set: 0.0ms
[2021-05-22T12:04:48.110-0700][gc,phases     ] GC(6)   Evacuate Collection Set: 2.1ms
[2021-05-22T12:04:48.110-0700][gc,phases     ] GC(6)   Post Evacuate Collection Set: 0.3ms
[2021-05-22T12:04:48.110-0700][gc,phases     ] GC(6)   Other: 0.1ms
[2021-05-22T12:04:48.110-0700][gc,heap       ] GC(6) Eden regions: 49->0(48)
[2021-05-22T12:04:48.110-0700][gc,heap       ] GC(6) Survivor regions: 2->3(7)
[2021-05-22T12:04:48.110-0700][gc,heap       ] GC(6) Old regions: 13->13
[2021-05-22T12:04:48.110-0700][gc,heap       ] GC(6) Humongous regions: 129->129
[2021-05-22T12:04:48.110-0700][gc,metaspace  ] GC(6) Metaspace: 36510K->36510K(1081344K)
[2021-05-22T12:04:48.110-0700][gc            ] GC(6) Pause Young (Normal) (G1 Evacuation Pause) 190M->143M(1024M) 2.640ms
[2021-05-22T12:04:48.110-0700][gc,cpu        ] GC(6) User=0.02s Sys=0.00s Real=0.01s
[2021-05-22T12:11:05.473-0700][gc,start      ] GC(7) Pause Young (Normal) (G1 Evacuation Pause)
[2021-05-22T12:11:05.473-0700][gc,task       ] GC(7) Using 10 workers of 10 for evacuation
[2021-05-22T12:11:05.477-0700][gc,phases     ] GC(7)   Pre Evacuate Collection Set: 0.1ms
[2021-05-22T12:11:05.478-0700][gc,phases     ] GC(7)   Evacuate Collection Set: 3.3ms
[2021-05-22T12:11:05.478-0700][gc,phases     ] GC(7)   Post Evacuate Collection Set: 0.7ms
[2021-05-22T12:11:05.478-0700][gc,phases     ] GC(7)   Other: 0.3ms
[2021-05-22T12:11:05.478-0700][gc,heap       ] GC(7) Eden regions: 48->0(46)
[2021-05-22T12:11:05.478-0700][gc,heap       ] GC(7) Survivor regions: 3->5(7)
[2021-05-22T12:11:05.478-0700][gc,heap       ] GC(7) Old regions: 13->13
[2021-05-22T12:11:05.478-0700][gc,heap       ] GC(7) Humongous regions: 129->129
[2021-05-22T12:11:05.478-0700][gc,metaspace  ] GC(7) Metaspace: 38910K->38910K(1085440K)
[2021-05-22T12:11:05.478-0700][gc            ] GC(7) Pause Young (Normal) (G1 Evacuation Pause) 191M->144M(1024M) 4.507ms
[2021-05-22T12:11:05.478-0700][gc,cpu        ] GC(7) User=0.03s Sys=0.00s Real=0.01s
[2021-05-22T12:26:50.368-0700][gc,start      ] GC(8) Pause Young (Normal) (G1 Evacuation Pause)
[2021-05-22T12:26:50.368-0700][gc,task       ] GC(8) Using 10 workers of 10 for evacuation
[2021-05-22T12:26:50.371-0700][gc,phases     ] GC(8)   Pre Evacuate Collection Set: 0.0ms
[2021-05-22T12:26:50.371-0700][gc,phases     ] GC(8)   Evacuate Collection Set: 1.9ms
[2021-05-22T12:26:50.371-0700][gc,phases     ] GC(8)   Post Evacuate Collection Set: 0.4ms
[2021-05-22T12:26:50.371-0700][gc,phases     ] GC(8)   Other: 0.1ms
[2021-05-22T12:26:50.371-0700][gc,heap       ] GC(8) Eden regions: 46->0(52)
[2021-05-22T12:26:50.371-0700][gc,heap       ] GC(8) Survivor regions: 5->5(7)
[2021-05-22T12:26:50.371-0700][gc,heap       ] GC(8) Old regions: 13->14
[2021-05-22T12:26:50.371-0700][gc,heap       ] GC(8) Humongous regions: 129->129
[2021-05-22T12:26:50.371-0700][gc,metaspace  ] GC(8) Metaspace: 39319K->39319K(1085440K)
[2021-05-22T12:26:50.371-0700][gc            ] GC(8) Pause Young (Normal) (G1 Evacuation Pause) 190M->145M(1024M) 2.537ms
[2021-05-22T12:26:50.371-0700][gc,cpu        ] GC(8) User=0.02s Sys=0.01s Real=0.01s
[2021-05-22T12:32:07.932-0700][gc,heap,exit  ] Heap
[2021-05-22T12:32:07.932-0700][gc,heap,exit  ]  garbage-first heap   total 1048576K, used 168429K [0x00000000c0000000, 0x0000000100000000)
[2021-05-22T12:32:07.932-0700][gc,heap,exit  ]   region size 1024K, 26 young (26624K), 5 survivors (5120K)
[2021-05-22T12:32:07.932-0700][gc,heap,exit  ]  Metaspace       used 39949K, capacity 42105K, committed 42140K, reserved 1085440K
[2021-05-22T12:32:07.932-0700][gc,heap,exit  ]   class space    used 5258K, capacity 6287K, committed 6304K, reserved 1048576K
