[2021-05-30T19:33:40.963-0700][gc,heap] Heap region size: 1M
[2021-05-30T19:33:40.971-0700][gc     ] Using G1
[2021-05-30T19:33:40.971-0700][gc,heap,coops] Heap address: 0x00000000c0000000, size: 1024 MB, Compressed Oops mode: 32-bit
[2021-05-30T19:33:40.972-0700][gc,cds       ] Mark closed archive regions in map: [0x00000000fff00000, 0x00000000fff6aff8]
[2021-05-30T19:33:40.972-0700][gc,cds       ] Mark open archive regions in map: [0x00000000ffe00000, 0x00000000ffe46ff8]
[2021-05-30T19:33:41.924-0700][gc,start     ] GC(0) Pause Young (Normal) (G1 Evacuation Pause)
[2021-05-30T19:33:41.924-0700][gc,task      ] GC(0) Using 10 workers of 10 for evacuation
[2021-05-30T19:33:41.930-0700][gc,phases    ] GC(0)   Pre Evacuate Collection Set: 0.0ms
[2021-05-30T19:33:41.930-0700][gc,phases    ] GC(0)   Evacuate Collection Set: 5.5ms
[2021-05-30T19:33:41.930-0700][gc,phases    ] GC(0)   Post Evacuate Collection Set: 0.4ms
[2021-05-30T19:33:41.930-0700][gc,phases    ] GC(0)   Other: 0.6ms
[2021-05-30T19:33:41.930-0700][gc,heap      ] GC(0) Eden regions: 51->0(44)
[2021-05-30T19:33:41.930-0700][gc,heap      ] GC(0) Survivor regions: 0->7(7)
[2021-05-30T19:33:41.930-0700][gc,heap      ] GC(0) Old regions: 2->2
[2021-05-30T19:33:41.930-0700][gc,heap      ] GC(0) Humongous regions: 0->0
[2021-05-30T19:33:41.930-0700][gc,metaspace ] GC(0) Metaspace: 15949K->15949K(1062912K)
[2021-05-30T19:33:41.930-0700][gc           ] GC(0) Pause Young (Normal) (G1 Evacuation Pause) 51M->6M(1024M) 6.545ms
[2021-05-30T19:33:41.930-0700][gc,cpu       ] GC(0) User=0.06s Sys=0.00s Real=0.01s
[2021-05-30T19:33:42.158-0700][gc,start     ] GC(1) Pause Young (Concurrent Start) (Metadata GC Threshold)
[2021-05-30T19:33:42.158-0700][gc,task      ] GC(1) Using 10 workers of 10 for evacuation
[2021-05-30T19:33:42.164-0700][gc,phases    ] GC(1)   Pre Evacuate Collection Set: 0.1ms
[2021-05-30T19:33:42.164-0700][gc,phases    ] GC(1)   Evacuate Collection Set: 5.6ms
[2021-05-30T19:33:42.164-0700][gc,phases    ] GC(1)   Post Evacuate Collection Set: 0.3ms
[2021-05-30T19:33:42.164-0700][gc,phases    ] GC(1)   Other: 0.2ms
[2021-05-30T19:33:42.164-0700][gc,heap      ] GC(1) Eden regions: 20->0(49)
[2021-05-30T19:33:42.164-0700][gc,heap      ] GC(1) Survivor regions: 7->2(7)
[2021-05-30T19:33:42.164-0700][gc,heap      ] GC(1) Old regions: 2->9
[2021-05-30T19:33:42.164-0700][gc,heap      ] GC(1) Humongous regions: 129->129
[2021-05-30T19:33:42.164-0700][gc,metaspace ] GC(1) Metaspace: 20552K->20552K(1067008K)
[2021-05-30T19:33:42.164-0700][gc           ] GC(1) Pause Young (Concurrent Start) (Metadata GC Threshold) 155M->137M(1024M) 6.131ms
[2021-05-30T19:33:42.164-0700][gc,cpu       ] GC(1) User=0.03s Sys=0.00s Real=0.00s
[2021-05-30T19:33:42.164-0700][gc           ] GC(2) Concurrent Cycle
[2021-05-30T19:33:42.164-0700][gc,marking   ] GC(2) Concurrent Clear Claimed Marks
[2021-05-30T19:33:42.164-0700][gc,marking   ] GC(2) Concurrent Clear Claimed Marks 0.015ms
[2021-05-30T19:33:42.164-0700][gc,marking   ] GC(2) Concurrent Scan Root Regions
[2021-05-30T19:33:42.165-0700][gc,marking   ] GC(2) Concurrent Scan Root Regions 0.727ms
[2021-05-30T19:33:42.165-0700][gc,marking   ] GC(2) Concurrent Mark (1.204s)
[2021-05-30T19:33:42.165-0700][gc,marking   ] GC(2) Concurrent Mark From Roots
[2021-05-30T19:33:42.165-0700][gc,task      ] GC(2) Using 3 workers of 3 for marking
[2021-05-30T19:33:42.169-0700][gc,marking   ] GC(2) Concurrent Mark From Roots 3.755ms
[2021-05-30T19:33:42.169-0700][gc,marking   ] GC(2) Concurrent Preclean
[2021-05-30T19:33:42.169-0700][gc,marking   ] GC(2) Concurrent Preclean 0.172ms
[2021-05-30T19:33:42.169-0700][gc,marking   ] GC(2) Concurrent Mark (1.204s, 1.208s) 3.977ms
[2021-05-30T19:33:42.170-0700][gc,start     ] GC(2) Pause Remark
[2021-05-30T19:33:42.171-0700][gc,stringtable] GC(2) Cleaned string and symbol table, strings: 5004 processed, 0 removed, symbols: 50295 processed, 50 removed
[2021-05-30T19:33:42.171-0700][gc            ] GC(2) Pause Remark 138M->138M(1024M) 1.430ms
[2021-05-30T19:33:42.171-0700][gc,cpu        ] GC(2) User=0.01s Sys=0.00s Real=0.00s
[2021-05-30T19:33:42.171-0700][gc,marking    ] GC(2) Concurrent Rebuild Remembered Sets
[2021-05-30T19:33:42.173-0700][gc,marking    ] GC(2) Concurrent Rebuild Remembered Sets 1.944ms
[2021-05-30T19:33:42.173-0700][gc,start      ] GC(2) Pause Cleanup
[2021-05-30T19:33:42.174-0700][gc            ] GC(2) Pause Cleanup 138M->138M(1024M) 0.157ms
[2021-05-30T19:33:42.174-0700][gc,cpu        ] GC(2) User=0.00s Sys=0.00s Real=0.00s
[2021-05-30T19:33:42.174-0700][gc,marking    ] GC(2) Concurrent Cleanup for Next Mark
[2021-05-30T19:33:42.176-0700][gc,marking    ] GC(2) Concurrent Cleanup for Next Mark 1.964ms
[2021-05-30T19:33:42.176-0700][gc            ] GC(2) Concurrent Cycle 11.409ms
[2021-05-30T19:33:42.653-0700][gc,start      ] GC(3) Pause Young (Normal) (G1 Evacuation Pause)
[2021-05-30T19:33:42.653-0700][gc,task       ] GC(3) Using 10 workers of 10 for evacuation
[2021-05-30T19:33:42.659-0700][gc,phases     ] GC(3)   Pre Evacuate Collection Set: 0.0ms
[2021-05-30T19:33:42.659-0700][gc,phases     ] GC(3)   Evacuate Collection Set: 5.4ms
[2021-05-30T19:33:42.659-0700][gc,phases     ] GC(3)   Post Evacuate Collection Set: 0.4ms
[2021-05-30T19:33:42.659-0700][gc,phases     ] GC(3)   Other: 0.2ms
[2021-05-30T19:33:42.659-0700][gc,heap       ] GC(3) Eden regions: 49->0(46)
[2021-05-30T19:33:42.659-0700][gc,heap       ] GC(3) Survivor regions: 2->5(7)
[2021-05-30T19:33:42.659-0700][gc,heap       ] GC(3) Old regions: 9->9
[2021-05-30T19:33:42.659-0700][gc,heap       ] GC(3) Humongous regions: 129->129
[2021-05-30T19:33:42.659-0700][gc,metaspace  ] GC(3) Metaspace: 30028K->30028K(1077248K)
[2021-05-30T19:33:42.659-0700][gc            ] GC(3) Pause Young (Normal) (G1 Evacuation Pause) 186M->140M(1024M) 6.048ms
[2021-05-30T19:33:42.659-0700][gc,cpu        ] GC(3) User=0.03s Sys=0.00s Real=0.01s
[2021-05-30T19:33:50.058-0700][gc,start      ] GC(4) Pause Young (Concurrent Start) (Metadata GC Threshold)
[2021-05-30T19:33:50.058-0700][gc,task       ] GC(4) Using 10 workers of 10 for evacuation
[2021-05-30T19:33:50.062-0700][gc,phases     ] GC(4)   Pre Evacuate Collection Set: 0.1ms
[2021-05-30T19:33:50.062-0700][gc,phases     ] GC(4)   Evacuate Collection Set: 3.2ms
[2021-05-30T19:33:50.062-0700][gc,phases     ] GC(4)   Post Evacuate Collection Set: 0.3ms
[2021-05-30T19:33:50.062-0700][gc,phases     ] GC(4)   Other: 0.1ms
[2021-05-30T19:33:50.062-0700][gc,heap       ] GC(4) Eden regions: 24->0(49)
[2021-05-30T19:33:50.062-0700][gc,heap       ] GC(4) Survivor regions: 5->2(7)
[2021-05-30T19:33:50.062-0700][gc,heap       ] GC(4) Old regions: 9->13
[2021-05-30T19:33:50.062-0700][gc,heap       ] GC(4) Humongous regions: 129->129
[2021-05-30T19:33:50.062-0700][gc,metaspace  ] GC(4) Metaspace: 34445K->34445K(1079296K)
[2021-05-30T19:33:50.062-0700][gc            ] GC(4) Pause Young (Concurrent Start) (Metadata GC Threshold) 163M->142M(1024M) 3.810ms
[2021-05-30T19:33:50.062-0700][gc,cpu        ] GC(4) User=0.02s Sys=0.00s Real=0.00s
[2021-05-30T19:33:50.062-0700][gc            ] GC(5) Concurrent Cycle
[2021-05-30T19:33:50.062-0700][gc,marking    ] GC(5) Concurrent Clear Claimed Marks
[2021-05-30T19:33:50.062-0700][gc,marking    ] GC(5) Concurrent Clear Claimed Marks 0.038ms
[2021-05-30T19:33:50.062-0700][gc,marking    ] GC(5) Concurrent Scan Root Regions
[2021-05-30T19:33:50.063-0700][gc,marking    ] GC(5) Concurrent Scan Root Regions 0.827ms
[2021-05-30T19:33:50.063-0700][gc,marking    ] GC(5) Concurrent Mark (9.103s)
[2021-05-30T19:33:50.063-0700][gc,marking    ] GC(5) Concurrent Mark From Roots
[2021-05-30T19:33:50.063-0700][gc,task       ] GC(5) Using 3 workers of 3 for marking
[2021-05-30T19:33:50.070-0700][gc,marking    ] GC(5) Concurrent Mark From Roots 7.238ms
[2021-05-30T19:33:50.070-0700][gc,marking    ] GC(5) Concurrent Preclean
[2021-05-30T19:33:50.071-0700][gc,marking    ] GC(5) Concurrent Preclean 0.140ms
[2021-05-30T19:33:50.071-0700][gc,marking    ] GC(5) Concurrent Mark (9.103s, 9.110s) 7.451ms
[2021-05-30T19:33:50.071-0700][gc,start      ] GC(5) Pause Remark
[2021-05-30T19:33:50.072-0700][gc,stringtable] GC(5) Cleaned string and symbol table, strings: 9866 processed, 11 removed, symbols: 77777 processed, 28 removed
[2021-05-30T19:33:50.072-0700][gc            ] GC(5) Pause Remark 143M->143M(1024M) 1.291ms
[2021-05-30T19:33:50.072-0700][gc,cpu        ] GC(5) User=0.01s Sys=0.00s Real=0.00s
[2021-05-30T19:33:50.072-0700][gc,marking    ] GC(5) Concurrent Rebuild Remembered Sets
[2021-05-30T19:33:50.076-0700][gc,marking    ] GC(5) Concurrent Rebuild Remembered Sets 3.893ms
[2021-05-30T19:33:50.076-0700][gc,start      ] GC(5) Pause Cleanup
[2021-05-30T19:33:50.076-0700][gc            ] GC(5) Pause Cleanup 144M->144M(1024M) 0.132ms
[2021-05-30T19:33:50.076-0700][gc,cpu        ] GC(5) User=0.00s Sys=0.00s Real=0.00s
[2021-05-30T19:33:50.077-0700][gc,marking    ] GC(5) Concurrent Cleanup for Next Mark
[2021-05-30T19:33:50.079-0700][gc,marking    ] GC(5) Concurrent Cleanup for Next Mark 2.441ms
[2021-05-30T19:33:50.079-0700][gc            ] GC(5) Concurrent Cycle 16.731ms
[2021-05-30T19:35:04.075-0700][gc,start      ] GC(6) Pause Young (Normal) (G1 Evacuation Pause)
[2021-05-30T19:35:04.075-0700][gc,task       ] GC(6) Using 10 workers of 10 for evacuation
[2021-05-30T19:35:04.077-0700][gc,phases     ] GC(6)   Pre Evacuate Collection Set: 0.0ms
[2021-05-30T19:35:04.077-0700][gc,phases     ] GC(6)   Evacuate Collection Set: 1.3ms
[2021-05-30T19:35:04.077-0700][gc,phases     ] GC(6)   Post Evacuate Collection Set: 0.3ms
[2021-05-30T19:35:04.077-0700][gc,phases     ] GC(6)   Other: 0.1ms
[2021-05-30T19:35:04.077-0700][gc,heap       ] GC(6) Eden regions: 49->0(48)
[2021-05-30T19:35:04.077-0700][gc,heap       ] GC(6) Survivor regions: 2->3(7)
[2021-05-30T19:35:04.077-0700][gc,heap       ] GC(6) Old regions: 13->13
[2021-05-30T19:35:04.077-0700][gc,heap       ] GC(6) Humongous regions: 129->129
[2021-05-30T19:35:04.077-0700][gc,metaspace  ] GC(6) Metaspace: 36222K->36222K(1081344K)
[2021-05-30T19:35:04.077-0700][gc            ] GC(6) Pause Young (Normal) (G1 Evacuation Pause) 191M->143M(1024M) 1.872ms
[2021-05-30T19:35:04.077-0700][gc,cpu        ] GC(6) User=0.02s Sys=0.00s Real=0.01s
[2021-05-30T19:36:34.720-0700][gc,start      ] GC(7) Pause Young (Normal) (G1 Evacuation Pause)
[2021-05-30T19:36:34.720-0700][gc,task       ] GC(7) Using 10 workers of 10 for evacuation
[2021-05-30T19:36:34.722-0700][gc,phases     ] GC(7)   Pre Evacuate Collection Set: 0.0ms
[2021-05-30T19:36:34.722-0700][gc,phases     ] GC(7)   Evacuate Collection Set: 1.5ms
[2021-05-30T19:36:34.722-0700][gc,phases     ] GC(7)   Post Evacuate Collection Set: 0.3ms
[2021-05-30T19:36:34.722-0700][gc,phases     ] GC(7)   Other: 0.1ms
[2021-05-30T19:36:34.722-0700][gc,heap       ] GC(7) Eden regions: 48->0(48)
[2021-05-30T19:36:34.722-0700][gc,heap       ] GC(7) Survivor regions: 3->3(7)
[2021-05-30T19:36:34.722-0700][gc,heap       ] GC(7) Old regions: 13->13
[2021-05-30T19:36:34.722-0700][gc,heap       ] GC(7) Humongous regions: 129->129
[2021-05-30T19:36:34.722-0700][gc,metaspace  ] GC(7) Metaspace: 36287K->36287K(1081344K)
[2021-05-30T19:36:34.722-0700][gc            ] GC(7) Pause Young (Normal) (G1 Evacuation Pause) 191M->143M(1024M) 1.966ms
[2021-05-30T19:36:34.722-0700][gc,cpu        ] GC(7) User=0.01s Sys=0.00s Real=0.00s
[2021-05-30T19:41:00.501-0700][gc,start      ] GC(8) Pause Young (Normal) (G1 Evacuation Pause)
[2021-05-30T19:41:00.501-0700][gc,task       ] GC(8) Using 10 workers of 10 for evacuation
[2021-05-30T19:41:00.506-0700][gc,phases     ] GC(8)   Pre Evacuate Collection Set: 0.0ms
[2021-05-30T19:41:00.506-0700][gc,phases     ] GC(8)   Evacuate Collection Set: 4.4ms
[2021-05-30T19:41:00.506-0700][gc,phases     ] GC(8)   Post Evacuate Collection Set: 0.4ms
[2021-05-30T19:41:00.506-0700][gc,phases     ] GC(8)   Other: 0.2ms
[2021-05-30T19:41:00.506-0700][gc,heap       ] GC(8) Eden regions: 48->0(47)
[2021-05-30T19:41:00.506-0700][gc,heap       ] GC(8) Survivor regions: 3->4(7)
[2021-05-30T19:41:00.506-0700][gc,heap       ] GC(8) Old regions: 13->13
[2021-05-30T19:41:00.506-0700][gc,heap       ] GC(8) Humongous regions: 129->129
[2021-05-30T19:41:00.506-0700][gc,metaspace  ] GC(8) Metaspace: 36763K->36763K(1083392K)
[2021-05-30T19:41:00.506-0700][gc            ] GC(8) Pause Young (Normal) (G1 Evacuation Pause) 191M->144M(1024M) 5.065ms
[2021-05-30T19:41:00.506-0700][gc,cpu        ] GC(8) User=0.03s Sys=0.00s Real=0.00s
[2021-05-30T19:41:04.133-0700][gc,heap,exit  ] Heap
[2021-05-30T19:41:04.133-0700][gc,heap,exit  ]  garbage-first heap   total 1048576K, used 155725K [0x00000000c0000000, 0x0000000100000000)
[2021-05-30T19:41:04.133-0700][gc,heap,exit  ]   region size 1024K, 13 young (13312K), 4 survivors (4096K)
[2021-05-30T19:41:04.133-0700][gc,heap,exit  ]  Metaspace       used 37244K, capacity 39047K, committed 39292K, reserved 1083392K
[2021-05-30T19:41:04.133-0700][gc,heap,exit  ]   class space    used 4805K, capacity 5651K, committed 5760K, reserved 1048576K
