[2021-05-23T15:02:09.396-0700][gc,heap] Heap region size: 1M
[2021-05-23T15:02:09.404-0700][gc     ] Using G1
[2021-05-23T15:02:09.404-0700][gc,heap,coops] Heap address: 0x00000000c0000000, size: 1024 MB, Compressed Oops mode: 32-bit
[2021-05-23T15:02:09.404-0700][gc,cds       ] Mark closed archive regions in map: [0x00000000fff00000, 0x00000000fff6aff8]
[2021-05-23T15:02:09.404-0700][gc,cds       ] Mark open archive regions in map: [0x00000000ffe00000, 0x00000000ffe46ff8]
[2021-05-23T15:02:11.096-0700][gc,start     ] GC(0) Pause Young (Normal) (G1 Evacuation Pause)
[2021-05-23T15:02:11.097-0700][gc,task      ] GC(0) Using 10 workers of 10 for evacuation
[2021-05-23T15:02:11.105-0700][gc,phases    ] GC(0)   Pre Evacuate Collection Set: 0.0ms
[2021-05-23T15:02:11.105-0700][gc,phases    ] GC(0)   Evacuate Collection Set: 7.7ms
[2021-05-23T15:02:11.105-0700][gc,phases    ] GC(0)   Post Evacuate Collection Set: 0.3ms
[2021-05-23T15:02:11.105-0700][gc,phases    ] GC(0)   Other: 1.0ms
[2021-05-23T15:02:11.105-0700][gc,heap      ] GC(0) Eden regions: 51->0(44)
[2021-05-23T15:02:11.105-0700][gc,heap      ] GC(0) Survivor regions: 0->7(7)
[2021-05-23T15:02:11.105-0700][gc,heap      ] GC(0) Old regions: 2->2
[2021-05-23T15:02:11.105-0700][gc,heap      ] GC(0) Humongous regions: 0->0
[2021-05-23T15:02:11.105-0700][gc,metaspace ] GC(0) Metaspace: 15901K->15901K(1062912K)
[2021-05-23T15:02:11.105-0700][gc           ] GC(0) Pause Young (Normal) (G1 Evacuation Pause) 51M->6M(1024M) 9.144ms
[2021-05-23T15:02:11.105-0700][gc,cpu       ] GC(0) User=0.08s Sys=0.00s Real=0.01s
[2021-05-23T15:02:11.455-0700][gc,start     ] GC(1) Pause Young (Concurrent Start) (Metadata GC Threshold)
[2021-05-23T15:02:11.455-0700][gc,task      ] GC(1) Using 10 workers of 10 for evacuation
[2021-05-23T15:02:11.461-0700][gc,phases    ] GC(1)   Pre Evacuate Collection Set: 0.0ms
[2021-05-23T15:02:11.461-0700][gc,phases    ] GC(1)   Evacuate Collection Set: 5.6ms
[2021-05-23T15:02:11.461-0700][gc,phases    ] GC(1)   Post Evacuate Collection Set: 0.3ms
[2021-05-23T15:02:11.461-0700][gc,phases    ] GC(1)   Other: 0.2ms
[2021-05-23T15:02:11.461-0700][gc,heap      ] GC(1) Eden regions: 21->0(49)
[2021-05-23T15:02:11.461-0700][gc,heap      ] GC(1) Survivor regions: 7->2(7)
[2021-05-23T15:02:11.461-0700][gc,heap      ] GC(1) Old regions: 2->9
[2021-05-23T15:02:11.461-0700][gc,heap      ] GC(1) Humongous regions: 129->129
[2021-05-23T15:02:11.461-0700][gc,metaspace ] GC(1) Metaspace: 20568K->20568K(1067008K)
[2021-05-23T15:02:11.461-0700][gc           ] GC(1) Pause Young (Concurrent Start) (Metadata GC Threshold) 156M->137M(1024M) 6.207ms
[2021-05-23T15:02:11.461-0700][gc,cpu       ] GC(1) User=0.03s Sys=0.01s Real=0.00s
[2021-05-23T15:02:11.461-0700][gc           ] GC(2) Concurrent Cycle
[2021-05-23T15:02:11.461-0700][gc,marking   ] GC(2) Concurrent Clear Claimed Marks
[2021-05-23T15:02:11.461-0700][gc,marking   ] GC(2) Concurrent Clear Claimed Marks 0.015ms
[2021-05-23T15:02:11.461-0700][gc,marking   ] GC(2) Concurrent Scan Root Regions
[2021-05-23T15:02:11.462-0700][gc,marking   ] GC(2) Concurrent Scan Root Regions 0.869ms
[2021-05-23T15:02:11.462-0700][gc,marking   ] GC(2) Concurrent Mark (2.069s)
[2021-05-23T15:02:11.462-0700][gc,marking   ] GC(2) Concurrent Mark From Roots
[2021-05-23T15:02:11.462-0700][gc,task      ] GC(2) Using 3 workers of 3 for marking
[2021-05-23T15:02:11.468-0700][gc,marking   ] GC(2) Concurrent Mark From Roots 5.827ms
[2021-05-23T15:02:11.468-0700][gc,marking   ] GC(2) Concurrent Preclean
[2021-05-23T15:02:11.468-0700][gc,marking   ] GC(2) Concurrent Preclean 0.345ms
[2021-05-23T15:02:11.468-0700][gc,marking   ] GC(2) Concurrent Mark (2.069s, 2.075s) 6.205ms
[2021-05-23T15:02:11.468-0700][gc,start     ] GC(2) Pause Remark
[2021-05-23T15:02:11.469-0700][gc,stringtable] GC(2) Cleaned string and symbol table, strings: 5016 processed, 0 removed, symbols: 50443 processed, 50 removed
[2021-05-23T15:02:11.469-0700][gc            ] GC(2) Pause Remark 138M->138M(1024M) 1.016ms
[2021-05-23T15:02:11.469-0700][gc,cpu        ] GC(2) User=0.00s Sys=0.00s Real=0.00s
[2021-05-23T15:02:11.469-0700][gc,marking    ] GC(2) Concurrent Rebuild Remembered Sets
[2021-05-23T15:02:11.471-0700][gc,marking    ] GC(2) Concurrent Rebuild Remembered Sets 1.638ms
[2021-05-23T15:02:11.471-0700][gc,start      ] GC(2) Pause Cleanup
[2021-05-23T15:02:11.471-0700][gc            ] GC(2) Pause Cleanup 138M->138M(1024M) 0.163ms
[2021-05-23T15:02:11.471-0700][gc,cpu        ] GC(2) User=0.00s Sys=0.00s Real=0.00s
[2021-05-23T15:02:11.471-0700][gc,marking    ] GC(2) Concurrent Cleanup for Next Mark
[2021-05-23T15:02:11.473-0700][gc,marking    ] GC(2) Concurrent Cleanup for Next Mark 1.923ms
[2021-05-23T15:02:11.473-0700][gc            ] GC(2) Concurrent Cycle 12.199ms
[2021-05-23T15:02:12.460-0700][gc,start      ] GC(3) Pause Young (Normal) (G1 Evacuation Pause)
[2021-05-23T15:02:12.460-0700][gc,task       ] GC(3) Using 10 workers of 10 for evacuation
[2021-05-23T15:02:12.463-0700][gc,phases     ] GC(3)   Pre Evacuate Collection Set: 0.0ms
[2021-05-23T15:02:12.463-0700][gc,phases     ] GC(3)   Evacuate Collection Set: 2.1ms
[2021-05-23T15:02:12.463-0700][gc,phases     ] GC(3)   Post Evacuate Collection Set: 0.3ms
[2021-05-23T15:02:12.463-0700][gc,phases     ] GC(3)   Other: 0.1ms
[2021-05-23T15:02:12.463-0700][gc,heap       ] GC(3) Eden regions: 49->0(46)
[2021-05-23T15:02:12.463-0700][gc,heap       ] GC(3) Survivor regions: 2->5(7)
[2021-05-23T15:02:12.463-0700][gc,heap       ] GC(3) Old regions: 9->9
[2021-05-23T15:02:12.463-0700][gc,heap       ] GC(3) Humongous regions: 129->129
[2021-05-23T15:02:12.463-0700][gc,metaspace  ] GC(3) Metaspace: 29936K->29936K(1077248K)
[2021-05-23T15:02:12.463-0700][gc            ] GC(3) Pause Young (Normal) (G1 Evacuation Pause) 186M->140M(1024M) 2.631ms
[2021-05-23T15:02:12.463-0700][gc,cpu        ] GC(3) User=0.02s Sys=0.00s Real=0.00s
[2021-05-23T16:11:56.594-0700][gc,start      ] GC(4) Pause Young (Normal) (G1 Evacuation Pause)
[2021-05-23T16:11:56.594-0700][gc,task       ] GC(4) Using 10 workers of 10 for evacuation
[2021-05-23T16:11:56.605-0700][gc,phases     ] GC(4)   Pre Evacuate Collection Set: 0.0ms
[2021-05-23T16:11:56.605-0700][gc,phases     ] GC(4)   Evacuate Collection Set: 8.3ms
[2021-05-23T16:11:56.605-0700][gc,phases     ] GC(4)   Post Evacuate Collection Set: 1.4ms
[2021-05-23T16:11:56.605-0700][gc,phases     ] GC(4)   Other: 0.5ms
[2021-05-23T16:11:56.605-0700][gc,heap       ] GC(4) Eden regions: 46->0(50)
[2021-05-23T16:11:56.605-0700][gc,heap       ] GC(4) Survivor regions: 5->1(7)
[2021-05-23T16:11:56.605-0700][gc,heap       ] GC(4) Old regions: 9->13
[2021-05-23T16:11:56.605-0700][gc,heap       ] GC(4) Humongous regions: 129->129
[2021-05-23T16:11:56.605-0700][gc,metaspace  ] GC(4) Metaspace: 32337K->32337K(1079296K)
[2021-05-23T16:11:56.605-0700][gc            ] GC(4) Pause Young (Normal) (G1 Evacuation Pause) 186M->141M(1024M) 10.616ms
[2021-05-23T16:11:56.605-0700][gc,cpu        ] GC(4) User=0.08s Sys=0.00s Real=0.01s
[2021-05-23T16:29:57.872-0700][gc,heap,exit  ] Heap
[2021-05-23T16:29:57.872-0700][gc,heap,exit  ]  garbage-first heap   total 1048576K, used 161165K [0x00000000c0000000, 0x0000000100000000)
[2021-05-23T16:29:57.872-0700][gc,heap,exit  ]   region size 1024K, 19 young (19456K), 1 survivors (1024K)
[2021-05-23T16:29:57.872-0700][gc,heap,exit  ]  Metaspace       used 33265K, capacity 34683K, committed 34940K, reserved 1079296K
[2021-05-23T16:29:57.872-0700][gc,heap,exit  ]   class space    used 4277K, capacity 4906K, committed 4992K, reserved 1048576K
