[2021-05-21T15:38:03.057-0700][gc,heap] Heap region size: 1M
[2021-05-21T15:38:03.064-0700][gc     ] Using G1
[2021-05-21T15:38:03.064-0700][gc,heap,coops] Heap address: 0x00000000c0000000, size: 1024 MB, Compressed Oops mode: 32-bit
[2021-05-21T15:38:03.064-0700][gc,cds       ] Mark closed archive regions in map: [0x00000000fff00000, 0x00000000fff6aff8]
[2021-05-21T15:38:03.064-0700][gc,cds       ] Mark open archive regions in map: [0x00000000ffe00000, 0x00000000ffe46ff8]
[2021-05-21T15:38:03.863-0700][gc,start     ] GC(0) Pause Young (Normal) (G1 Evacuation Pause)
[2021-05-21T15:38:03.864-0700][gc,task      ] GC(0) Using 10 workers of 10 for evacuation
[2021-05-21T15:38:03.870-0700][gc,phases    ] GC(0)   Pre Evacuate Collection Set: 0.0ms
[2021-05-21T15:38:03.870-0700][gc,phases    ] GC(0)   Evacuate Collection Set: 5.6ms
[2021-05-21T15:38:03.870-0700][gc,phases    ] GC(0)   Post Evacuate Collection Set: 0.3ms
[2021-05-21T15:38:03.870-0700][gc,phases    ] GC(0)   Other: 0.7ms
[2021-05-21T15:38:03.870-0700][gc,heap      ] GC(0) Eden regions: 51->0(44)
[2021-05-21T15:38:03.870-0700][gc,heap      ] GC(0) Survivor regions: 0->7(7)
[2021-05-21T15:38:03.870-0700][gc,heap      ] GC(0) Old regions: 2->2
[2021-05-21T15:38:03.870-0700][gc,heap      ] GC(0) Humongous regions: 0->0
[2021-05-21T15:38:03.870-0700][gc,metaspace ] GC(0) Metaspace: 15880K->15880K(1062912K)
[2021-05-21T15:38:03.870-0700][gc           ] GC(0) Pause Young (Normal) (G1 Evacuation Pause) 51M->6M(1024M) 6.689ms
[2021-05-21T15:38:03.870-0700][gc,cpu       ] GC(0) User=0.05s Sys=0.00s Real=0.01s
[2021-05-21T15:38:04.048-0700][gc,start     ] GC(1) Pause Young (Concurrent Start) (Metadata GC Threshold)
[2021-05-21T15:38:04.048-0700][gc,task      ] GC(1) Using 10 workers of 10 for evacuation
[2021-05-21T15:38:04.055-0700][gc,phases    ] GC(1)   Pre Evacuate Collection Set: 0.0ms
[2021-05-21T15:38:04.055-0700][gc,phases    ] GC(1)   Evacuate Collection Set: 6.9ms
[2021-05-21T15:38:04.055-0700][gc,phases    ] GC(1)   Post Evacuate Collection Set: 0.3ms
[2021-05-21T15:38:04.055-0700][gc,phases    ] GC(1)   Other: 0.2ms
[2021-05-21T15:38:04.055-0700][gc,heap      ] GC(1) Eden regions: 19->0(50)
[2021-05-21T15:38:04.055-0700][gc,heap      ] GC(1) Survivor regions: 7->1(7)
[2021-05-21T15:38:04.055-0700][gc,heap      ] GC(1) Old regions: 2->9
[2021-05-21T15:38:04.055-0700][gc,heap      ] GC(1) Humongous regions: 0->0
[2021-05-21T15:38:04.055-0700][gc,metaspace ] GC(1) Metaspace: 20622K->20622K(1067008K)
[2021-05-21T15:38:04.055-0700][gc           ] GC(1) Pause Young (Concurrent Start) (Metadata GC Threshold) 25M->7M(1024M) 7.440ms
[2021-05-21T15:38:04.055-0700][gc,cpu       ] GC(1) User=0.03s Sys=0.00s Real=0.01s
[2021-05-21T15:38:04.055-0700][gc           ] GC(2) Concurrent Cycle
[2021-05-21T15:38:04.055-0700][gc,marking   ] GC(2) Concurrent Clear Claimed Marks
[2021-05-21T15:38:04.055-0700][gc,marking   ] GC(2) Concurrent Clear Claimed Marks 0.011ms
[2021-05-21T15:38:04.055-0700][gc,marking   ] GC(2) Concurrent Scan Root Regions
[2021-05-21T15:38:04.056-0700][gc,marking   ] GC(2) Concurrent Scan Root Regions 0.764ms
[2021-05-21T15:38:04.056-0700][gc,marking   ] GC(2) Concurrent Mark (1.001s)
[2021-05-21T15:38:04.056-0700][gc,marking   ] GC(2) Concurrent Mark From Roots
[2021-05-21T15:38:04.056-0700][gc,task      ] GC(2) Using 3 workers of 3 for marking
[2021-05-21T15:38:04.059-0700][gc,marking   ] GC(2) Concurrent Mark From Roots 3.069ms
[2021-05-21T15:38:04.059-0700][gc,marking   ] GC(2) Concurrent Preclean
[2021-05-21T15:38:04.059-0700][gc,marking   ] GC(2) Concurrent Preclean 0.115ms
[2021-05-21T15:38:04.059-0700][gc,marking   ] GC(2) Concurrent Mark (1.001s, 1.004s) 3.212ms
[2021-05-21T15:38:04.059-0700][gc,start     ] GC(2) Pause Remark
[2021-05-21T15:38:04.061-0700][gc,stringtable] GC(2) Cleaned string and symbol table, strings: 4919 processed, 0 removed, symbols: 51176 processed, 53 removed
[2021-05-21T15:38:04.061-0700][gc            ] GC(2) Pause Remark 8M->8M(1024M) 1.455ms
[2021-05-21T15:38:04.061-0700][gc,cpu        ] GC(2) User=0.01s Sys=0.00s Real=0.00s
[2021-05-21T15:38:04.061-0700][gc,marking    ] GC(2) Concurrent Rebuild Remembered Sets
[2021-05-21T15:38:04.062-0700][gc,marking    ] GC(2) Concurrent Rebuild Remembered Sets 1.444ms
[2021-05-21T15:38:04.062-0700][gc,start      ] GC(2) Pause Cleanup
[2021-05-21T15:38:04.063-0700][gc            ] GC(2) Pause Cleanup 8M->8M(1024M) 0.277ms
[2021-05-21T15:38:04.063-0700][gc,cpu        ] GC(2) User=0.00s Sys=0.00s Real=0.00s
[2021-05-21T15:38:04.063-0700][gc,marking    ] GC(2) Concurrent Cleanup for Next Mark
[2021-05-21T15:38:04.065-0700][gc,marking    ] GC(2) Concurrent Cleanup for Next Mark 1.953ms
[2021-05-21T15:38:04.065-0700][gc            ] GC(2) Concurrent Cycle 9.482ms
[2021-05-21T15:38:04.567-0700][gc,start      ] GC(3) Pause Young (Normal) (G1 Evacuation Pause)
[2021-05-21T15:38:04.567-0700][gc,task       ] GC(3) Using 10 workers of 10 for evacuation
[2021-05-21T15:38:04.570-0700][gc,phases     ] GC(3)   Pre Evacuate Collection Set: 0.0ms
[2021-05-21T15:38:04.570-0700][gc,phases     ] GC(3)   Evacuate Collection Set: 2.5ms
[2021-05-21T15:38:04.570-0700][gc,phases     ] GC(3)   Post Evacuate Collection Set: 0.2ms
[2021-05-21T15:38:04.570-0700][gc,phases     ] GC(3)   Other: 0.1ms
[2021-05-21T15:38:04.570-0700][gc,heap       ] GC(3) Eden regions: 50->0(45)
[2021-05-21T15:38:04.570-0700][gc,heap       ] GC(3) Survivor regions: 1->6(7)
[2021-05-21T15:38:04.570-0700][gc,heap       ] GC(3) Old regions: 9->9
[2021-05-21T15:38:04.570-0700][gc,heap       ] GC(3) Humongous regions: 129->129
[2021-05-21T15:38:04.570-0700][gc,metaspace  ] GC(3) Metaspace: 30083K->30083K(1077248K)
[2021-05-21T15:38:04.570-0700][gc            ] GC(3) Pause Young (Normal) (G1 Evacuation Pause) 186M->140M(1024M) 2.889ms
[2021-05-21T15:38:04.570-0700][gc,cpu        ] GC(3) User=0.02s Sys=0.00s Real=0.00s
[2021-05-21T15:40:48.543-0700][gc,start      ] GC(4) Pause Young (Concurrent Start) (Metadata GC Threshold)
[2021-05-21T15:40:48.543-0700][gc,task       ] GC(4) Using 10 workers of 10 for evacuation
[2021-05-21T15:40:48.548-0700][gc,phases     ] GC(4)   Pre Evacuate Collection Set: 0.1ms
[2021-05-21T15:40:48.548-0700][gc,phases     ] GC(4)   Evacuate Collection Set: 4.1ms
[2021-05-21T15:40:48.548-0700][gc,phases     ] GC(4)   Post Evacuate Collection Set: 0.4ms
[2021-05-21T15:40:48.548-0700][gc,phases     ] GC(4)   Other: 0.2ms
[2021-05-21T15:40:48.548-0700][gc,heap       ] GC(4) Eden regions: 21->0(49)
[2021-05-21T15:40:48.548-0700][gc,heap       ] GC(4) Survivor regions: 6->2(7)
[2021-05-21T15:40:48.548-0700][gc,heap       ] GC(4) Old regions: 9->13
[2021-05-21T15:40:48.548-0700][gc,heap       ] GC(4) Humongous regions: 129->129
[2021-05-21T15:40:48.548-0700][gc,metaspace  ] GC(4) Metaspace: 34258K->34258K(1079296K)
[2021-05-21T15:40:48.548-0700][gc            ] GC(4) Pause Young (Concurrent Start) (Metadata GC Threshold) 161M->141M(1024M) 4.843ms
[2021-05-21T15:40:48.548-0700][gc,cpu        ] GC(4) User=0.03s Sys=0.00s Real=0.01s
[2021-05-21T15:40:48.548-0700][gc            ] GC(5) Concurrent Cycle
[2021-05-21T15:40:48.548-0700][gc,marking    ] GC(5) Concurrent Clear Claimed Marks
[2021-05-21T15:40:48.548-0700][gc,marking    ] GC(5) Concurrent Clear Claimed Marks 0.053ms
[2021-05-21T15:40:48.548-0700][gc,marking    ] GC(5) Concurrent Scan Root Regions
[2021-05-21T15:40:48.549-0700][gc,marking    ] GC(5) Concurrent Scan Root Regions 0.898ms
[2021-05-21T15:40:48.549-0700][gc,marking    ] GC(5) Concurrent Mark (165.494s)
[2021-05-21T15:40:48.549-0700][gc,marking    ] GC(5) Concurrent Mark From Roots
[2021-05-21T15:40:48.549-0700][gc,task       ] GC(5) Using 3 workers of 3 for marking
[2021-05-21T15:40:48.557-0700][gc,marking    ] GC(5) Concurrent Mark From Roots 8.371ms
[2021-05-21T15:40:48.557-0700][gc,marking    ] GC(5) Concurrent Preclean
[2021-05-21T15:40:48.558-0700][gc,marking    ] GC(5) Concurrent Preclean 0.293ms
[2021-05-21T15:40:48.558-0700][gc,marking    ] GC(5) Concurrent Mark (165.494s, 165.503s) 8.750ms
[2021-05-21T15:40:48.558-0700][gc,start      ] GC(5) Pause Remark
[2021-05-21T15:40:48.560-0700][gc,stringtable] GC(5) Cleaned string and symbol table, strings: 9512 processed, 11 removed, symbols: 78131 processed, 23 removed
[2021-05-21T15:40:48.560-0700][gc            ] GC(5) Pause Remark 142M->142M(1024M) 1.393ms
[2021-05-21T15:40:48.560-0700][gc,cpu        ] GC(5) User=0.01s Sys=0.00s Real=0.00s
[2021-05-21T15:40:48.560-0700][gc,marking    ] GC(5) Concurrent Rebuild Remembered Sets
[2021-05-21T15:40:48.563-0700][gc,marking    ] GC(5) Concurrent Rebuild Remembered Sets 2.956ms
[2021-05-21T15:40:48.563-0700][gc,start      ] GC(5) Pause Cleanup
[2021-05-21T15:40:48.564-0700][gc            ] GC(5) Pause Cleanup 142M->142M(1024M) 0.660ms
[2021-05-21T15:40:48.564-0700][gc,cpu        ] GC(5) User=0.00s Sys=0.00s Real=0.00s
[2021-05-21T15:40:48.564-0700][gc,marking    ] GC(5) Concurrent Cleanup for Next Mark
[2021-05-21T15:40:48.566-0700][gc,marking    ] GC(5) Concurrent Cleanup for Next Mark 1.848ms
[2021-05-21T15:40:48.566-0700][gc            ] GC(5) Concurrent Cycle 17.510ms
[2021-05-21T15:47:34.067-0700][gc,heap,exit  ] Heap
[2021-05-21T15:47:34.067-0700][gc,heap,exit  ]  garbage-first heap   total 1048576K, used 163425K [0x00000000c0000000, 0x0000000100000000)
[2021-05-21T15:47:34.067-0700][gc,heap,exit  ]   region size 1024K, 21 young (21504K), 2 survivors (2048K)
[2021-05-21T15:47:34.067-0700][gc,heap,exit  ]  Metaspace       used 35698K, capacity 37412K, committed 37760K, reserved 1081344K
[2021-05-21T15:47:34.067-0700][gc,heap,exit  ]   class space    used 4812K, capacity 5639K, committed 5760K, reserved 1048576K
