[2021-05-30T19:54:38.739-0700][gc,heap] Heap region size: 1M
[2021-05-30T19:54:38.745-0700][gc     ] Using G1
[2021-05-30T19:54:38.745-0700][gc,heap,coops] Heap address: 0x00000000c0000000, size: 1024 MB, Compressed Oops mode: 32-bit
[2021-05-30T19:54:38.746-0700][gc,cds       ] Mark closed archive regions in map: [0x00000000fff00000, 0x00000000fff6aff8]
[2021-05-30T19:54:38.746-0700][gc,cds       ] Mark open archive regions in map: [0x00000000ffe00000, 0x00000000ffe46ff8]
[2021-05-30T19:54:39.646-0700][gc,start     ] GC(0) Pause Young (Normal) (G1 Evacuation Pause)
[2021-05-30T19:54:39.647-0700][gc,task      ] GC(0) Using 10 workers of 10 for evacuation
[2021-05-30T19:54:39.653-0700][gc,phases    ] GC(0)   Pre Evacuate Collection Set: 0.0ms
[2021-05-30T19:54:39.653-0700][gc,phases    ] GC(0)   Evacuate Collection Set: 5.9ms
[2021-05-30T19:54:39.653-0700][gc,phases    ] GC(0)   Post Evacuate Collection Set: 0.4ms
[2021-05-30T19:54:39.653-0700][gc,phases    ] GC(0)   Other: 0.7ms
[2021-05-30T19:54:39.653-0700][gc,heap      ] GC(0) Eden regions: 51->0(44)
[2021-05-30T19:54:39.653-0700][gc,heap      ] GC(0) Survivor regions: 0->7(7)
[2021-05-30T19:54:39.653-0700][gc,heap      ] GC(0) Old regions: 2->2
[2021-05-30T19:54:39.653-0700][gc,heap      ] GC(0) Humongous regions: 0->0
[2021-05-30T19:54:39.653-0700][gc,metaspace ] GC(0) Metaspace: 15922K->15922K(1062912K)
[2021-05-30T19:54:39.653-0700][gc           ] GC(0) Pause Young (Normal) (G1 Evacuation Pause) 51M->6M(1024M) 7.082ms
[2021-05-30T19:54:39.653-0700][gc,cpu       ] GC(0) User=0.05s Sys=0.00s Real=0.01s
[2021-05-30T19:54:39.822-0700][gc,start     ] GC(1) Pause Young (Concurrent Start) (Metadata GC Threshold)
[2021-05-30T19:54:39.822-0700][gc,task      ] GC(1) Using 10 workers of 10 for evacuation
[2021-05-30T19:54:39.828-0700][gc,phases    ] GC(1)   Pre Evacuate Collection Set: 0.0ms
[2021-05-30T19:54:39.828-0700][gc,phases    ] GC(1)   Evacuate Collection Set: 5.4ms
[2021-05-30T19:54:39.828-0700][gc,phases    ] GC(1)   Post Evacuate Collection Set: 0.3ms
[2021-05-30T19:54:39.828-0700][gc,phases    ] GC(1)   Other: 0.2ms
[2021-05-30T19:54:39.828-0700][gc,heap      ] GC(1) Eden regions: 19->0(49)
[2021-05-30T19:54:39.828-0700][gc,heap      ] GC(1) Survivor regions: 7->2(7)
[2021-05-30T19:54:39.828-0700][gc,heap      ] GC(1) Old regions: 2->9
[2021-05-30T19:54:39.828-0700][gc,heap      ] GC(1) Humongous regions: 0->0
[2021-05-30T19:54:39.828-0700][gc,metaspace ] GC(1) Metaspace: 20611K->20611K(1067008K)
[2021-05-30T19:54:39.828-0700][gc           ] GC(1) Pause Young (Concurrent Start) (Metadata GC Threshold) 25M->7M(1024M) 5.965ms
[2021-05-30T19:54:39.828-0700][gc,cpu       ] GC(1) User=0.03s Sys=0.00s Real=0.01s
[2021-05-30T19:54:39.828-0700][gc           ] GC(2) Concurrent Cycle
[2021-05-30T19:54:39.828-0700][gc,marking   ] GC(2) Concurrent Clear Claimed Marks
[2021-05-30T19:54:39.829-0700][gc,marking   ] GC(2) Concurrent Clear Claimed Marks 0.011ms
[2021-05-30T19:54:39.829-0700][gc,marking   ] GC(2) Concurrent Scan Root Regions
[2021-05-30T19:54:39.829-0700][gc,marking   ] GC(2) Concurrent Scan Root Regions 0.645ms
[2021-05-30T19:54:39.829-0700][gc,marking   ] GC(2) Concurrent Mark (1.092s)
[2021-05-30T19:54:39.829-0700][gc,marking   ] GC(2) Concurrent Mark From Roots
[2021-05-30T19:54:39.829-0700][gc,task      ] GC(2) Using 3 workers of 3 for marking
[2021-05-30T19:54:39.832-0700][gc,marking   ] GC(2) Concurrent Mark From Roots 2.584ms
[2021-05-30T19:54:39.832-0700][gc,marking   ] GC(2) Concurrent Preclean
[2021-05-30T19:54:39.832-0700][gc,marking   ] GC(2) Concurrent Preclean 0.091ms
[2021-05-30T19:54:39.832-0700][gc,marking   ] GC(2) Concurrent Mark (1.092s, 1.094s) 2.694ms
[2021-05-30T19:54:39.832-0700][gc,start     ] GC(2) Pause Remark
[2021-05-30T19:54:39.833-0700][gc,stringtable] GC(2) Cleaned string and symbol table, strings: 4930 processed, 0 removed, symbols: 51058 processed, 53 removed
[2021-05-30T19:54:39.833-0700][gc            ] GC(2) Pause Remark 8M->8M(1024M) 1.084ms
[2021-05-30T19:54:39.833-0700][gc,cpu        ] GC(2) User=0.01s Sys=0.00s Real=0.00s
[2021-05-30T19:54:39.833-0700][gc,marking    ] GC(2) Concurrent Rebuild Remembered Sets
[2021-05-30T19:54:39.835-0700][gc,marking    ] GC(2) Concurrent Rebuild Remembered Sets 1.844ms
[2021-05-30T19:54:39.835-0700][gc,start      ] GC(2) Pause Cleanup
[2021-05-30T19:54:39.835-0700][gc            ] GC(2) Pause Cleanup 8M->8M(1024M) 0.125ms
[2021-05-30T19:54:39.835-0700][gc,cpu        ] GC(2) User=0.00s Sys=0.00s Real=0.00s
[2021-05-30T19:54:39.835-0700][gc,marking    ] GC(2) Concurrent Cleanup for Next Mark
[2021-05-30T19:54:39.837-0700][gc,marking    ] GC(2) Concurrent Cleanup for Next Mark 1.873ms
[2021-05-30T19:54:39.837-0700][gc            ] GC(2) Concurrent Cycle 8.538ms
[2021-05-30T19:54:41.890-0700][gc,start      ] GC(3) Pause Young (Normal) (GCLocker Initiated GC)
[2021-05-30T19:54:41.890-0700][gc,task       ] GC(3) Using 10 workers of 10 for evacuation
[2021-05-30T19:54:41.896-0700][gc,phases     ] GC(3)   Pre Evacuate Collection Set: 0.0ms
[2021-05-30T19:54:41.896-0700][gc,phases     ] GC(3)   Evacuate Collection Set: 5.0ms
[2021-05-30T19:54:41.896-0700][gc,phases     ] GC(3)   Post Evacuate Collection Set: 0.4ms
[2021-05-30T19:54:41.896-0700][gc,phases     ] GC(3)   Other: 0.1ms
[2021-05-30T19:54:41.896-0700][gc,heap       ] GC(3) Eden regions: 50->0(46)
[2021-05-30T19:54:41.896-0700][gc,heap       ] GC(3) Survivor regions: 2->5(7)
[2021-05-30T19:54:41.896-0700][gc,heap       ] GC(3) Old regions: 9->9
[2021-05-30T19:54:41.896-0700][gc,heap       ] GC(3) Humongous regions: 129->129
[2021-05-30T19:54:41.896-0700][gc,metaspace  ] GC(3) Metaspace: 28558K->28558K(1075200K)
[2021-05-30T19:54:41.896-0700][gc            ] GC(3) Pause Young (Normal) (GCLocker Initiated GC) 185M->140M(1024M) 5.587ms
[2021-05-30T19:54:41.896-0700][gc,cpu        ] GC(3) User=0.02s Sys=0.00s Real=0.00s
[2021-05-30T19:54:45.932-0700][gc,start      ] GC(4) Pause Young (Concurrent Start) (Metadata GC Threshold)
[2021-05-30T19:54:45.932-0700][gc,task       ] GC(4) Using 10 workers of 10 for evacuation
[2021-05-30T19:54:45.937-0700][gc,phases     ] GC(4)   Pre Evacuate Collection Set: 0.1ms
[2021-05-30T19:54:45.937-0700][gc,phases     ] GC(4)   Evacuate Collection Set: 3.8ms
[2021-05-30T19:54:45.937-0700][gc,phases     ] GC(4)   Post Evacuate Collection Set: 0.5ms
[2021-05-30T19:54:45.937-0700][gc,phases     ] GC(4)   Other: 0.2ms
[2021-05-30T19:54:45.937-0700][gc,heap       ] GC(4) Eden regions: 33->0(48)
[2021-05-30T19:54:45.937-0700][gc,heap       ] GC(4) Survivor regions: 5->3(7)
[2021-05-30T19:54:45.937-0700][gc,heap       ] GC(4) Old regions: 9->13
[2021-05-30T19:54:45.937-0700][gc,heap       ] GC(4) Humongous regions: 129->129
[2021-05-30T19:54:45.937-0700][gc,metaspace  ] GC(4) Metaspace: 34402K->34402K(1079296K)
[2021-05-30T19:54:45.937-0700][gc            ] GC(4) Pause Young (Concurrent Start) (Metadata GC Threshold) 173M->142M(1024M) 4.647ms
[2021-05-30T19:54:45.937-0700][gc,cpu        ] GC(4) User=0.03s Sys=0.01s Real=0.01s
[2021-05-30T19:54:45.937-0700][gc            ] GC(5) Concurrent Cycle
[2021-05-30T19:54:45.937-0700][gc,marking    ] GC(5) Concurrent Clear Claimed Marks
[2021-05-30T19:54:45.937-0700][gc,marking    ] GC(5) Concurrent Clear Claimed Marks 0.075ms
[2021-05-30T19:54:45.937-0700][gc,marking    ] GC(5) Concurrent Scan Root Regions
[2021-05-30T19:54:45.939-0700][gc,marking    ] GC(5) Concurrent Scan Root Regions 1.363ms
[2021-05-30T19:54:45.939-0700][gc,marking    ] GC(5) Concurrent Mark (7.201s)
[2021-05-30T19:54:45.939-0700][gc,marking    ] GC(5) Concurrent Mark From Roots
[2021-05-30T19:54:45.939-0700][gc,task       ] GC(5) Using 3 workers of 3 for marking
[2021-05-30T19:54:45.944-0700][gc,marking    ] GC(5) Concurrent Mark From Roots 5.248ms
[2021-05-30T19:54:45.944-0700][gc,marking    ] GC(5) Concurrent Preclean
[2021-05-30T19:54:45.944-0700][gc,marking    ] GC(5) Concurrent Preclean 0.117ms
[2021-05-30T19:54:45.944-0700][gc,marking    ] GC(5) Concurrent Mark (7.201s, 7.206s) 5.396ms
[2021-05-30T19:54:45.944-0700][gc,start      ] GC(5) Pause Remark
[2021-05-30T19:54:45.946-0700][gc,stringtable] GC(5) Cleaned string and symbol table, strings: 10109 processed, 11 removed, symbols: 77603 processed, 23 removed
[2021-05-30T19:54:45.946-0700][gc            ] GC(5) Pause Remark 143M->143M(1024M) 1.934ms
[2021-05-30T19:54:45.946-0700][gc,cpu        ] GC(5) User=0.01s Sys=0.00s Real=0.00s
[2021-05-30T19:54:45.946-0700][gc,marking    ] GC(5) Concurrent Rebuild Remembered Sets
[2021-05-30T19:54:45.949-0700][gc,marking    ] GC(5) Concurrent Rebuild Remembered Sets 2.686ms
[2021-05-30T19:54:45.949-0700][gc,start      ] GC(5) Pause Cleanup
[2021-05-30T19:54:45.949-0700][gc            ] GC(5) Pause Cleanup 143M->143M(1024M) 0.112ms
[2021-05-30T19:54:45.949-0700][gc,cpu        ] GC(5) User=0.00s Sys=0.00s Real=0.00s
[2021-05-30T19:54:45.949-0700][gc,marking    ] GC(5) Concurrent Cleanup for Next Mark
[2021-05-30T19:54:45.951-0700][gc,marking    ] GC(5) Concurrent Cleanup for Next Mark 1.891ms
[2021-05-30T19:54:45.951-0700][gc            ] GC(5) Concurrent Cycle 13.829ms
