[2021-05-21T15:48:05.805-0700][gc,heap] Heap region size: 1M
[2021-05-21T15:48:05.811-0700][gc     ] Using G1
[2021-05-21T15:48:05.811-0700][gc,heap,coops] Heap address: 0x00000000c0000000, size: 1024 MB, Compressed Oops mode: 32-bit
[2021-05-21T15:48:05.811-0700][gc,cds       ] Mark closed archive regions in map: [0x00000000fff00000, 0x00000000fff6aff8]
[2021-05-21T15:48:05.811-0700][gc,cds       ] Mark open archive regions in map: [0x00000000ffe00000, 0x00000000ffe46ff8]
[2021-05-21T15:48:06.640-0700][gc,start     ] GC(0) Pause Young (Normal) (G1 Evacuation Pause)
[2021-05-21T15:48:06.640-0700][gc,task      ] GC(0) Using 10 workers of 10 for evacuation
[2021-05-21T15:48:06.646-0700][gc,phases    ] GC(0)   Pre Evacuate Collection Set: 0.0ms
[2021-05-21T15:48:06.646-0700][gc,phases    ] GC(0)   Evacuate Collection Set: 5.7ms
[2021-05-21T15:48:06.646-0700][gc,phases    ] GC(0)   Post Evacuate Collection Set: 0.4ms
[2021-05-21T15:48:06.646-0700][gc,phases    ] GC(0)   Other: 0.6ms
[2021-05-21T15:48:06.646-0700][gc,heap      ] GC(0) Eden regions: 51->0(44)
[2021-05-21T15:48:06.646-0700][gc,heap      ] GC(0) Survivor regions: 0->7(7)
[2021-05-21T15:48:06.646-0700][gc,heap      ] GC(0) Old regions: 2->2
[2021-05-21T15:48:06.646-0700][gc,heap      ] GC(0) Humongous regions: 0->0
[2021-05-21T15:48:06.646-0700][gc,metaspace ] GC(0) Metaspace: 15900K->15900K(1062912K)
[2021-05-21T15:48:06.646-0700][gc           ] GC(0) Pause Young (Normal) (G1 Evacuation Pause) 51M->7M(1024M) 6.828ms
[2021-05-21T15:48:06.646-0700][gc,cpu       ] GC(0) User=0.04s Sys=0.01s Real=0.01s
[2021-05-21T15:48:06.811-0700][gc,start     ] GC(1) Pause Young (Concurrent Start) (Metadata GC Threshold)
[2021-05-21T15:48:06.811-0700][gc,task      ] GC(1) Using 10 workers of 10 for evacuation
[2021-05-21T15:48:06.817-0700][gc,phases    ] GC(1)   Pre Evacuate Collection Set: 0.0ms
[2021-05-21T15:48:06.817-0700][gc,phases    ] GC(1)   Evacuate Collection Set: 5.6ms
[2021-05-21T15:48:06.817-0700][gc,phases    ] GC(1)   Post Evacuate Collection Set: 0.3ms
[2021-05-21T15:48:06.817-0700][gc,phases    ] GC(1)   Other: 0.2ms
[2021-05-21T15:48:06.817-0700][gc,heap      ] GC(1) Eden regions: 19->0(50)
[2021-05-21T15:48:06.817-0700][gc,heap      ] GC(1) Survivor regions: 7->1(7)
[2021-05-21T15:48:06.817-0700][gc,heap      ] GC(1) Old regions: 2->9
[2021-05-21T15:48:06.817-0700][gc,heap      ] GC(1) Humongous regions: 0->0
[2021-05-21T15:48:06.817-0700][gc,metaspace ] GC(1) Metaspace: 20560K->20560K(1067008K)
[2021-05-21T15:48:06.817-0700][gc           ] GC(1) Pause Young (Concurrent Start) (Metadata GC Threshold) 25M->7M(1024M) 6.198ms
[2021-05-21T15:48:06.817-0700][gc,cpu       ] GC(1) User=0.03s Sys=0.00s Real=0.01s
[2021-05-21T15:48:06.817-0700][gc           ] GC(2) Concurrent Cycle
[2021-05-21T15:48:06.817-0700][gc,marking   ] GC(2) Concurrent Clear Claimed Marks
[2021-05-21T15:48:06.817-0700][gc,marking   ] GC(2) Concurrent Clear Claimed Marks 0.012ms
[2021-05-21T15:48:06.817-0700][gc,marking   ] GC(2) Concurrent Scan Root Regions
[2021-05-21T15:48:06.818-0700][gc,marking   ] GC(2) Concurrent Scan Root Regions 0.617ms
[2021-05-21T15:48:06.818-0700][gc,marking   ] GC(2) Concurrent Mark (1.015s)
[2021-05-21T15:48:06.818-0700][gc,marking   ] GC(2) Concurrent Mark From Roots
[2021-05-21T15:48:06.818-0700][gc,task      ] GC(2) Using 3 workers of 3 for marking
[2021-05-21T15:48:06.821-0700][gc,marking   ] GC(2) Concurrent Mark From Roots 3.305ms
[2021-05-21T15:48:06.821-0700][gc,marking   ] GC(2) Concurrent Preclean
[2021-05-21T15:48:06.821-0700][gc,marking   ] GC(2) Concurrent Preclean 0.099ms
[2021-05-21T15:48:06.821-0700][gc,marking   ] GC(2) Concurrent Mark (1.015s, 1.018s) 3.428ms
[2021-05-21T15:48:06.821-0700][gc,start     ] GC(2) Pause Remark
[2021-05-21T15:48:06.822-0700][gc,stringtable] GC(2) Cleaned string and symbol table, strings: 4911 processed, 0 removed, symbols: 50857 processed, 54 removed
[2021-05-21T15:48:06.822-0700][gc            ] GC(2) Pause Remark 8M->8M(1024M) 1.035ms
[2021-05-21T15:48:06.822-0700][gc,cpu        ] GC(2) User=0.01s Sys=0.00s Real=0.00s
[2021-05-21T15:48:06.822-0700][gc,marking    ] GC(2) Concurrent Rebuild Remembered Sets
[2021-05-21T15:48:06.824-0700][gc,marking    ] GC(2) Concurrent Rebuild Remembered Sets 1.770ms
[2021-05-21T15:48:06.824-0700][gc,start      ] GC(2) Pause Cleanup
[2021-05-21T15:48:06.824-0700][gc            ] GC(2) Pause Cleanup 8M->8M(1024M) 0.158ms
[2021-05-21T15:48:06.824-0700][gc,cpu        ] GC(2) User=0.00s Sys=0.00s Real=0.00s
[2021-05-21T15:48:06.824-0700][gc,marking    ] GC(2) Concurrent Cleanup for Next Mark
[2021-05-21T15:48:06.827-0700][gc,marking    ] GC(2) Concurrent Cleanup for Next Mark 2.270ms
[2021-05-21T15:48:06.827-0700][gc            ] GC(2) Concurrent Cycle 9.569ms
[2021-05-21T15:48:07.332-0700][gc,start      ] GC(3) Pause Young (Normal) (G1 Evacuation Pause)
[2021-05-21T15:48:07.332-0700][gc,task       ] GC(3) Using 10 workers of 10 for evacuation
[2021-05-21T15:48:07.335-0700][gc,phases     ] GC(3)   Pre Evacuate Collection Set: 0.0ms
[2021-05-21T15:48:07.335-0700][gc,phases     ] GC(3)   Evacuate Collection Set: 2.7ms
[2021-05-21T15:48:07.335-0700][gc,phases     ] GC(3)   Post Evacuate Collection Set: 0.4ms
[2021-05-21T15:48:07.335-0700][gc,phases     ] GC(3)   Other: 0.2ms
[2021-05-21T15:48:07.335-0700][gc,heap       ] GC(3) Eden regions: 50->0(46)
[2021-05-21T15:48:07.335-0700][gc,heap       ] GC(3) Survivor regions: 1->5(7)
[2021-05-21T15:48:07.335-0700][gc,heap       ] GC(3) Old regions: 9->9
[2021-05-21T15:48:07.335-0700][gc,heap       ] GC(3) Humongous regions: 129->129
[2021-05-21T15:48:07.335-0700][gc,metaspace  ] GC(3) Metaspace: 30312K->30312K(1077248K)
[2021-05-21T15:48:07.335-0700][gc            ] GC(3) Pause Young (Normal) (G1 Evacuation Pause) 186M->140M(1024M) 3.348ms
[2021-05-21T15:48:07.335-0700][gc,cpu        ] GC(3) User=0.02s Sys=0.00s Real=0.01s
[2021-05-21T15:48:45.460-0700][gc,start      ] GC(4) Pause Young (Concurrent Start) (Metadata GC Threshold)
[2021-05-21T15:48:45.460-0700][gc,task       ] GC(4) Using 10 workers of 10 for evacuation
[2021-05-21T15:48:45.463-0700][gc,phases     ] GC(4)   Pre Evacuate Collection Set: 0.1ms
[2021-05-21T15:48:45.463-0700][gc,phases     ] GC(4)   Evacuate Collection Set: 3.0ms
[2021-05-21T15:48:45.463-0700][gc,phases     ] GC(4)   Post Evacuate Collection Set: 0.3ms
[2021-05-21T15:48:45.463-0700][gc,phases     ] GC(4)   Other: 0.2ms
[2021-05-21T15:48:45.463-0700][gc,heap       ] GC(4) Eden regions: 20->0(49)
[2021-05-21T15:48:45.463-0700][gc,heap       ] GC(4) Survivor regions: 5->2(7)
[2021-05-21T15:48:45.463-0700][gc,heap       ] GC(4) Old regions: 9->13
[2021-05-21T15:48:45.463-0700][gc,heap       ] GC(4) Humongous regions: 129->129
[2021-05-21T15:48:45.463-0700][gc,metaspace  ] GC(4) Metaspace: 34236K->34236K(1079296K)
[2021-05-21T15:48:45.463-0700][gc            ] GC(4) Pause Young (Concurrent Start) (Metadata GC Threshold) 159M->141M(1024M) 3.674ms
[2021-05-21T15:48:45.463-0700][gc,cpu        ] GC(4) User=0.02s Sys=0.00s Real=0.00s
[2021-05-21T15:48:45.463-0700][gc            ] GC(5) Concurrent Cycle
[2021-05-21T15:48:45.463-0700][gc,marking    ] GC(5) Concurrent Clear Claimed Marks
[2021-05-21T15:48:45.463-0700][gc,marking    ] GC(5) Concurrent Clear Claimed Marks 0.072ms
[2021-05-21T15:48:45.463-0700][gc,marking    ] GC(5) Concurrent Scan Root Regions
[2021-05-21T15:48:45.464-0700][gc,marking    ] GC(5) Concurrent Scan Root Regions 0.918ms
[2021-05-21T15:48:45.464-0700][gc,marking    ] GC(5) Concurrent Mark (39.661s)
[2021-05-21T15:48:45.464-0700][gc,marking    ] GC(5) Concurrent Mark From Roots
[2021-05-21T15:48:45.464-0700][gc,task       ] GC(5) Using 3 workers of 3 for marking
[2021-05-21T15:48:45.471-0700][gc,marking    ] GC(5) Concurrent Mark From Roots 6.217ms
[2021-05-21T15:48:45.471-0700][gc,marking    ] GC(5) Concurrent Preclean
[2021-05-21T15:48:45.471-0700][gc,marking    ] GC(5) Concurrent Preclean 0.116ms
[2021-05-21T15:48:45.471-0700][gc,marking    ] GC(5) Concurrent Mark (39.661s, 39.668s) 6.366ms
[2021-05-21T15:48:45.471-0700][gc,start      ] GC(5) Pause Remark
[2021-05-21T15:48:45.472-0700][gc,stringtable] GC(5) Cleaned string and symbol table, strings: 9431 processed, 11 removed, symbols: 77900 processed, 24 removed
[2021-05-21T15:48:45.472-0700][gc            ] GC(5) Pause Remark 142M->142M(1024M) 1.374ms
[2021-05-21T15:48:45.472-0700][gc,cpu        ] GC(5) User=0.01s Sys=0.00s Real=0.01s
[2021-05-21T15:48:45.472-0700][gc,marking    ] GC(5) Concurrent Rebuild Remembered Sets
[2021-05-21T15:48:45.476-0700][gc,marking    ] GC(5) Concurrent Rebuild Remembered Sets 3.621ms
[2021-05-21T15:48:45.476-0700][gc,start      ] GC(5) Pause Cleanup
[2021-05-21T15:48:45.476-0700][gc            ] GC(5) Pause Cleanup 142M->142M(1024M) 0.218ms
[2021-05-21T15:48:45.476-0700][gc,cpu        ] GC(5) User=0.00s Sys=0.00s Real=0.00s
[2021-05-21T15:48:45.476-0700][gc,marking    ] GC(5) Concurrent Cleanup for Next Mark
[2021-05-21T15:48:45.479-0700][gc,marking    ] GC(5) Concurrent Cleanup for Next Mark 2.247ms
[2021-05-21T15:48:45.479-0700][gc            ] GC(5) Concurrent Cycle 15.290ms
[2021-05-21T15:53:02.700-0700][gc,start      ] GC(6) Pause Young (Normal) (G1 Evacuation Pause)
[2021-05-21T15:53:02.700-0700][gc,task       ] GC(6) Using 10 workers of 10 for evacuation
[2021-05-21T15:53:02.704-0700][gc,phases     ] GC(6)   Pre Evacuate Collection Set: 0.0ms
[2021-05-21T15:53:02.704-0700][gc,phases     ] GC(6)   Evacuate Collection Set: 3.0ms
[2021-05-21T15:53:02.704-0700][gc,phases     ] GC(6)   Post Evacuate Collection Set: 0.4ms
[2021-05-21T15:53:02.704-0700][gc,phases     ] GC(6)   Other: 0.2ms
[2021-05-21T15:53:02.704-0700][gc,heap       ] GC(6) Eden regions: 49->0(48)
[2021-05-21T15:53:02.704-0700][gc,heap       ] GC(6) Survivor regions: 2->3(7)
[2021-05-21T15:53:02.704-0700][gc,heap       ] GC(6) Old regions: 13->13
[2021-05-21T15:53:02.704-0700][gc,heap       ] GC(6) Humongous regions: 129->129
[2021-05-21T15:53:02.704-0700][gc,metaspace  ] GC(6) Metaspace: 36800K->36800K(1083392K)
[2021-05-21T15:53:02.704-0700][gc            ] GC(6) Pause Young (Normal) (G1 Evacuation Pause) 190M->142M(1024M) 3.659ms
[2021-05-21T15:53:02.704-0700][gc,cpu        ] GC(6) User=0.02s Sys=0.00s Real=0.01s
[2021-05-21T15:55:51.987-0700][gc,start      ] GC(7) Pause Young (Normal) (G1 Evacuation Pause)
[2021-05-21T15:55:51.987-0700][gc,task       ] GC(7) Using 10 workers of 10 for evacuation
[2021-05-21T15:55:51.989-0700][gc,phases     ] GC(7)   Pre Evacuate Collection Set: 0.0ms
[2021-05-21T15:55:51.989-0700][gc,phases     ] GC(7)   Evacuate Collection Set: 1.8ms
[2021-05-21T15:55:51.989-0700][gc,phases     ] GC(7)   Post Evacuate Collection Set: 0.5ms
[2021-05-21T15:55:51.989-0700][gc,phases     ] GC(7)   Other: 0.1ms
[2021-05-21T15:55:51.989-0700][gc,heap       ] GC(7) Eden regions: 48->0(47)
[2021-05-21T15:55:51.989-0700][gc,heap       ] GC(7) Survivor regions: 3->4(7)
[2021-05-21T15:55:51.989-0700][gc,heap       ] GC(7) Old regions: 13->13
[2021-05-21T15:55:51.989-0700][gc,heap       ] GC(7) Humongous regions: 129->129
[2021-05-21T15:55:51.989-0700][gc,metaspace  ] GC(7) Metaspace: 38552K->38552K(1083392K)
[2021-05-21T15:55:51.989-0700][gc            ] GC(7) Pause Young (Normal) (G1 Evacuation Pause) 190M->143M(1024M) 2.471ms
[2021-05-21T15:55:51.989-0700][gc,cpu        ] GC(7) User=0.02s Sys=0.00s Real=0.00s
[2021-05-21T16:17:57.422-0700][gc,start      ] GC(8) Pause Young (Normal) (G1 Evacuation Pause)
[2021-05-21T16:17:57.422-0700][gc,task       ] GC(8) Using 10 workers of 10 for evacuation
[2021-05-21T16:17:57.424-0700][gc,phases     ] GC(8)   Pre Evacuate Collection Set: 0.0ms
[2021-05-21T16:17:57.424-0700][gc,phases     ] GC(8)   Evacuate Collection Set: 1.6ms
[2021-05-21T16:17:57.424-0700][gc,phases     ] GC(8)   Post Evacuate Collection Set: 0.3ms
[2021-05-21T16:17:57.424-0700][gc,phases     ] GC(8)   Other: 0.2ms
[2021-05-21T16:17:57.424-0700][gc,heap       ] GC(8) Eden regions: 47->0(47)
[2021-05-21T16:17:57.424-0700][gc,heap       ] GC(8) Survivor regions: 4->4(7)
[2021-05-21T16:17:57.424-0700][gc,heap       ] GC(8) Old regions: 13->13
[2021-05-21T16:17:57.424-0700][gc,heap       ] GC(8) Humongous regions: 129->129
[2021-05-21T16:17:57.424-0700][gc,metaspace  ] GC(8) Metaspace: 38810K->38810K(1083392K)
[2021-05-21T16:17:57.424-0700][gc            ] GC(8) Pause Young (Normal) (G1 Evacuation Pause) 190M->144M(1024M) 2.148ms
[2021-05-21T16:17:57.424-0700][gc,cpu        ] GC(8) User=0.01s Sys=0.00s Real=0.01s
[2021-05-21T16:42:07.127-0700][gc,start      ] GC(9) Pause Young (Normal) (G1 Evacuation Pause)
[2021-05-21T16:42:07.127-0700][gc,task       ] GC(9) Using 10 workers of 10 for evacuation
[2021-05-21T16:42:07.137-0700][gc,phases     ] GC(9)   Pre Evacuate Collection Set: 0.0ms
[2021-05-21T16:42:07.137-0700][gc,phases     ] GC(9)   Evacuate Collection Set: 8.5ms
[2021-05-21T16:42:07.137-0700][gc,phases     ] GC(9)   Post Evacuate Collection Set: 1.3ms
[2021-05-21T16:42:07.137-0700][gc,phases     ] GC(9)   Other: 0.4ms
[2021-05-21T16:42:07.137-0700][gc,heap       ] GC(9) Eden regions: 47->0(47)
[2021-05-21T16:42:07.137-0700][gc,heap       ] GC(9) Survivor regions: 4->4(7)
[2021-05-21T16:42:07.137-0700][gc,heap       ] GC(9) Old regions: 13->13
[2021-05-21T16:42:07.137-0700][gc,heap       ] GC(9) Humongous regions: 129->129
[2021-05-21T16:42:07.137-0700][gc,metaspace  ] GC(9) Metaspace: 38897K->38897K(1083392K)
[2021-05-21T16:42:07.137-0700][gc            ] GC(9) Pause Young (Normal) (G1 Evacuation Pause) 191M->144M(1024M) 10.443ms
[2021-05-21T16:42:07.137-0700][gc,cpu        ] GC(9) User=0.09s Sys=0.00s Real=0.01s
[2021-05-21T16:51:52.121-0700][gc,heap,exit  ] Heap
[2021-05-21T16:51:52.121-0700][gc,heap,exit  ]  garbage-first heap   total 1048576K, used 191736K [0x00000000c0000000, 0x0000000100000000)
[2021-05-21T16:51:52.121-0700][gc,heap,exit  ]   region size 1024K, 49 young (50176K), 4 survivors (4096K)
[2021-05-21T16:51:52.121-0700][gc,heap,exit  ]  Metaspace       used 40151K, capacity 42350K, committed 42496K, reserved 1085440K
[2021-05-21T16:51:52.121-0700][gc,heap,exit  ]   class space    used 5326K, capacity 6381K, committed 6400K, reserved 1048576K
