[2021-05-22T12:32:32.104-0700][gc,heap] Heap region size: 1M
[2021-05-22T12:32:32.110-0700][gc     ] Using G1
[2021-05-22T12:32:32.110-0700][gc,heap,coops] Heap address: 0x00000000c0000000, size: 1024 MB, Compressed Oops mode: 32-bit
[2021-05-22T12:32:32.110-0700][gc,cds       ] Mark closed archive regions in map: [0x00000000fff00000, 0x00000000fff6aff8]
[2021-05-22T12:32:32.110-0700][gc,cds       ] Mark open archive regions in map: [0x00000000ffe00000, 0x00000000ffe46ff8]
[2021-05-22T12:32:32.972-0700][gc,start     ] GC(0) Pause Young (Normal) (G1 Evacuation Pause)
[2021-05-22T12:32:32.973-0700][gc,task      ] GC(0) Using 10 workers of 10 for evacuation
[2021-05-22T12:32:32.980-0700][gc,phases    ] GC(0)   Pre Evacuate Collection Set: 0.0ms
[2021-05-22T12:32:32.980-0700][gc,phases    ] GC(0)   Evacuate Collection Set: 7.4ms
[2021-05-22T12:32:32.980-0700][gc,phases    ] GC(0)   Post Evacuate Collection Set: 0.3ms
[2021-05-22T12:32:32.980-0700][gc,phases    ] GC(0)   Other: 0.5ms
[2021-05-22T12:32:32.980-0700][gc,heap      ] GC(0) Eden regions: 51->0(44)
[2021-05-22T12:32:32.980-0700][gc,heap      ] GC(0) Survivor regions: 0->7(7)
[2021-05-22T12:32:32.980-0700][gc,heap      ] GC(0) Old regions: 2->2
[2021-05-22T12:32:32.980-0700][gc,heap      ] GC(0) Humongous regions: 0->0
[2021-05-22T12:32:32.980-0700][gc,metaspace ] GC(0) Metaspace: 15922K->15922K(1062912K)
[2021-05-22T12:32:32.980-0700][gc           ] GC(0) Pause Young (Normal) (G1 Evacuation Pause) 51M->6M(1024M) 8.340ms
[2021-05-22T12:32:32.980-0700][gc,cpu       ] GC(0) User=0.07s Sys=0.00s Real=0.01s
[2021-05-22T12:32:33.158-0700][gc,start     ] GC(1) Pause Young (Concurrent Start) (Metadata GC Threshold)
[2021-05-22T12:32:33.158-0700][gc,task      ] GC(1) Using 10 workers of 10 for evacuation
[2021-05-22T12:32:33.164-0700][gc,phases    ] GC(1)   Pre Evacuate Collection Set: 0.0ms
[2021-05-22T12:32:33.164-0700][gc,phases    ] GC(1)   Evacuate Collection Set: 5.9ms
[2021-05-22T12:32:33.164-0700][gc,phases    ] GC(1)   Post Evacuate Collection Set: 0.3ms
[2021-05-22T12:32:33.164-0700][gc,phases    ] GC(1)   Other: 0.2ms
[2021-05-22T12:32:33.164-0700][gc,heap      ] GC(1) Eden regions: 19->0(49)
[2021-05-22T12:32:33.164-0700][gc,heap      ] GC(1) Survivor regions: 7->2(7)
[2021-05-22T12:32:33.164-0700][gc,heap      ] GC(1) Old regions: 2->9
[2021-05-22T12:32:33.164-0700][gc,heap      ] GC(1) Humongous regions: 0->0
[2021-05-22T12:32:33.164-0700][gc,metaspace ] GC(1) Metaspace: 20552K->20552K(1067008K)
[2021-05-22T12:32:33.164-0700][gc           ] GC(1) Pause Young (Concurrent Start) (Metadata GC Threshold) 25M->7M(1024M) 6.431ms
[2021-05-22T12:32:33.164-0700][gc,cpu       ] GC(1) User=0.03s Sys=0.00s Real=0.00s
[2021-05-22T12:32:33.164-0700][gc           ] GC(2) Concurrent Cycle
[2021-05-22T12:32:33.164-0700][gc,marking   ] GC(2) Concurrent Clear Claimed Marks
[2021-05-22T12:32:33.164-0700][gc,marking   ] GC(2) Concurrent Clear Claimed Marks 0.014ms
[2021-05-22T12:32:33.164-0700][gc,marking   ] GC(2) Concurrent Scan Root Regions
[2021-05-22T12:32:33.165-0700][gc,marking   ] GC(2) Concurrent Scan Root Regions 0.562ms
[2021-05-22T12:32:33.165-0700][gc,marking   ] GC(2) Concurrent Mark (1.063s)
[2021-05-22T12:32:33.165-0700][gc,marking   ] GC(2) Concurrent Mark From Roots
[2021-05-22T12:32:33.165-0700][gc,task      ] GC(2) Using 3 workers of 3 for marking
[2021-05-22T12:32:33.168-0700][gc,marking   ] GC(2) Concurrent Mark From Roots 2.899ms
[2021-05-22T12:32:33.168-0700][gc,marking   ] GC(2) Concurrent Preclean
[2021-05-22T12:32:33.168-0700][gc,marking   ] GC(2) Concurrent Preclean 0.093ms
[2021-05-22T12:32:33.168-0700][gc,marking   ] GC(2) Concurrent Mark (1.063s, 1.066s) 3.017ms
[2021-05-22T12:32:33.168-0700][gc,start     ] GC(2) Pause Remark
[2021-05-22T12:32:33.169-0700][gc,stringtable] GC(2) Cleaned string and symbol table, strings: 4980 processed, 0 removed, symbols: 50767 processed, 54 removed
[2021-05-22T12:32:33.169-0700][gc            ] GC(2) Pause Remark 8M->8M(1024M) 1.083ms
[2021-05-22T12:32:33.169-0700][gc,cpu        ] GC(2) User=0.00s Sys=0.00s Real=0.01s
[2021-05-22T12:32:33.169-0700][gc,marking    ] GC(2) Concurrent Rebuild Remembered Sets
[2021-05-22T12:32:33.170-0700][gc,marking    ] GC(2) Concurrent Rebuild Remembered Sets 1.392ms
[2021-05-22T12:32:33.171-0700][gc,start      ] GC(2) Pause Cleanup
[2021-05-22T12:32:33.171-0700][gc            ] GC(2) Pause Cleanup 8M->8M(1024M) 0.190ms
[2021-05-22T12:32:33.171-0700][gc,cpu        ] GC(2) User=0.00s Sys=0.00s Real=0.00s
[2021-05-22T12:32:33.171-0700][gc,marking    ] GC(2) Concurrent Cleanup for Next Mark
[2021-05-22T12:32:33.173-0700][gc,marking    ] GC(2) Concurrent Cleanup for Next Mark 2.186ms
[2021-05-22T12:32:33.173-0700][gc            ] GC(2) Concurrent Cycle 8.910ms
[2021-05-22T12:32:35.002-0700][gc,start      ] GC(3) Pause Young (Normal) (G1 Evacuation Pause)
[2021-05-22T12:32:35.002-0700][gc,task       ] GC(3) Using 10 workers of 10 for evacuation
[2021-05-22T12:32:35.005-0700][gc,phases     ] GC(3)   Pre Evacuate Collection Set: 0.0ms
[2021-05-22T12:32:35.005-0700][gc,phases     ] GC(3)   Evacuate Collection Set: 2.0ms
[2021-05-22T12:32:35.005-0700][gc,phases     ] GC(3)   Post Evacuate Collection Set: 0.2ms
[2021-05-22T12:32:35.005-0700][gc,phases     ] GC(3)   Other: 0.1ms
[2021-05-22T12:32:35.005-0700][gc,heap       ] GC(3) Eden regions: 49->0(46)
[2021-05-22T12:32:35.005-0700][gc,heap       ] GC(3) Survivor regions: 2->5(7)
[2021-05-22T12:32:35.005-0700][gc,heap       ] GC(3) Old regions: 9->9
[2021-05-22T12:32:35.005-0700][gc,heap       ] GC(3) Humongous regions: 129->129
[2021-05-22T12:32:35.005-0700][gc,metaspace  ] GC(3) Metaspace: 28799K->28799K(1075200K)
[2021-05-22T12:32:35.005-0700][gc            ] GC(3) Pause Young (Normal) (G1 Evacuation Pause) 185M->140M(1024M) 2.372ms
[2021-05-22T12:32:35.005-0700][gc,cpu        ] GC(3) User=0.02s Sys=0.00s Real=0.00s
[2021-05-22T12:32:36.629-0700][gc,start      ] GC(4) Pause Young (Concurrent Start) (Metadata GC Threshold)
[2021-05-22T12:32:36.629-0700][gc,task       ] GC(4) Using 10 workers of 10 for evacuation
[2021-05-22T12:32:36.633-0700][gc,phases     ] GC(4)   Pre Evacuate Collection Set: 0.1ms
[2021-05-22T12:32:36.633-0700][gc,phases     ] GC(4)   Evacuate Collection Set: 3.2ms
[2021-05-22T12:32:36.633-0700][gc,phases     ] GC(4)   Post Evacuate Collection Set: 0.5ms
[2021-05-22T12:32:36.633-0700][gc,phases     ] GC(4)   Other: 0.2ms
[2021-05-22T12:32:36.633-0700][gc,heap       ] GC(4) Eden regions: 33->0(48)
[2021-05-22T12:32:36.633-0700][gc,heap       ] GC(4) Survivor regions: 5->3(7)
[2021-05-22T12:32:36.633-0700][gc,heap       ] GC(4) Old regions: 9->13
[2021-05-22T12:32:36.633-0700][gc,heap       ] GC(4) Humongous regions: 129->129
[2021-05-22T12:32:36.633-0700][gc,metaspace  ] GC(4) Metaspace: 34378K->34378K(1079296K)
[2021-05-22T12:32:36.633-0700][gc            ] GC(4) Pause Young (Concurrent Start) (Metadata GC Threshold) 172M->142M(1024M) 3.970ms
[2021-05-22T12:32:36.633-0700][gc,cpu        ] GC(4) User=0.02s Sys=0.00s Real=0.00s
[2021-05-22T12:32:36.633-0700][gc            ] GC(5) Concurrent Cycle
[2021-05-22T12:32:36.633-0700][gc,marking    ] GC(5) Concurrent Clear Claimed Marks
[2021-05-22T12:32:36.633-0700][gc,marking    ] GC(5) Concurrent Clear Claimed Marks 0.126ms
[2021-05-22T12:32:36.633-0700][gc,marking    ] GC(5) Concurrent Scan Root Regions
[2021-05-22T12:32:36.634-0700][gc,marking    ] GC(5) Concurrent Scan Root Regions 1.214ms
[2021-05-22T12:32:36.634-0700][gc,marking    ] GC(5) Concurrent Mark (4.532s)
[2021-05-22T12:32:36.634-0700][gc,marking    ] GC(5) Concurrent Mark From Roots
[2021-05-22T12:32:36.634-0700][gc,task       ] GC(5) Using 3 workers of 3 for marking
[2021-05-22T12:32:36.642-0700][gc,marking    ] GC(5) Concurrent Mark From Roots 7.704ms
[2021-05-22T12:32:36.642-0700][gc,marking    ] GC(5) Concurrent Preclean
[2021-05-22T12:32:36.642-0700][gc,marking    ] GC(5) Concurrent Preclean 0.171ms
[2021-05-22T12:32:36.642-0700][gc,marking    ] GC(5) Concurrent Mark (4.532s, 4.540s) 7.907ms
[2021-05-22T12:32:36.642-0700][gc,start      ] GC(5) Pause Remark
[2021-05-22T12:32:36.644-0700][gc,stringtable] GC(5) Cleaned string and symbol table, strings: 10097 processed, 10 removed, symbols: 77672 processed, 24 removed
[2021-05-22T12:32:36.644-0700][gc            ] GC(5) Pause Remark 142M->142M(1024M) 1.969ms
[2021-05-22T12:32:36.644-0700][gc,cpu        ] GC(5) User=0.01s Sys=0.00s Real=0.00s
[2021-05-22T12:32:36.644-0700][gc,marking    ] GC(5) Concurrent Rebuild Remembered Sets
[2021-05-22T12:32:36.648-0700][gc,marking    ] GC(5) Concurrent Rebuild Remembered Sets 3.429ms
[2021-05-22T12:32:36.648-0700][gc,start      ] GC(5) Pause Cleanup
[2021-05-22T12:32:36.648-0700][gc            ] GC(5) Pause Cleanup 143M->143M(1024M) 0.116ms
[2021-05-22T12:32:36.648-0700][gc,cpu        ] GC(5) User=0.00s Sys=0.00s Real=0.00s
[2021-05-22T12:32:36.648-0700][gc,marking    ] GC(5) Concurrent Cleanup for Next Mark
[2021-05-22T12:32:36.650-0700][gc,marking    ] GC(5) Concurrent Cleanup for Next Mark 2.214ms
[2021-05-22T12:32:36.650-0700][gc            ] GC(5) Concurrent Cycle 17.360ms
[2021-05-22T12:41:04.701-0700][gc,start      ] GC(6) Pause Young (Normal) (G1 Evacuation Pause)
[2021-05-22T12:41:04.701-0700][gc,task       ] GC(6) Using 10 workers of 10 for evacuation
[2021-05-22T12:41:04.704-0700][gc,phases     ] GC(6)   Pre Evacuate Collection Set: 0.0ms
[2021-05-22T12:41:04.704-0700][gc,phases     ] GC(6)   Evacuate Collection Set: 2.0ms
[2021-05-22T12:41:04.704-0700][gc,phases     ] GC(6)   Post Evacuate Collection Set: 0.8ms
[2021-05-22T12:41:04.704-0700][gc,phases     ] GC(6)   Other: 0.2ms
[2021-05-22T12:41:04.704-0700][gc,heap       ] GC(6) Eden regions: 48->0(47)
[2021-05-22T12:41:04.704-0700][gc,heap       ] GC(6) Survivor regions: 3->4(7)
[2021-05-22T12:41:04.704-0700][gc,heap       ] GC(6) Old regions: 13->13
[2021-05-22T12:41:04.704-0700][gc,heap       ] GC(6) Humongous regions: 141->129
[2021-05-22T12:41:04.704-0700][gc,metaspace  ] GC(6) Metaspace: 38557K->38557K(1083392K)
[2021-05-22T12:41:04.704-0700][gc            ] GC(6) Pause Young (Normal) (G1 Evacuation Pause) 202M->143M(1024M) 3.160ms
[2021-05-22T12:41:04.704-0700][gc,cpu        ] GC(6) User=0.02s Sys=0.00s Real=0.00s
[2021-05-22T12:44:30.182-0700][gc,heap,exit  ] Heap
[2021-05-22T12:44:30.182-0700][gc,heap,exit  ]  garbage-first heap   total 1048576K, used 163636K [0x00000000c0000000, 0x0000000100000000)
[2021-05-22T12:44:30.182-0700][gc,heap,exit  ]   region size 1024K, 21 young (21504K), 4 survivors (4096K)
[2021-05-22T12:44:30.182-0700][gc,heap,exit  ]  Metaspace       used 39300K, capacity 41413K, committed 41548K, reserved 1085440K
[2021-05-22T12:44:30.182-0700][gc,heap,exit  ]   class space    used 5227K, capacity 6242K, committed 6272K, reserved 1048576K
