[2021-05-25T22:37:28.468-0700][gc,heap] Heap region size: 1M
[2021-05-25T22:37:28.473-0700][gc     ] Using G1
[2021-05-25T22:37:28.473-0700][gc,heap,coops] Heap address: 0x00000000e0000000, size: 512 MB, Compressed Oops mode: 32-bit
[2021-05-25T22:37:28.473-0700][gc,cds       ] Mark closed archive regions in map: [0x00000000fff00000, 0x00000000fff6aff8]
[2021-05-25T22:37:28.473-0700][gc,cds       ] Mark open archive regions in map: [0x00000000ffe00000, 0x00000000ffe46ff8]
[2021-05-25T22:37:37.224-0700][gc,start     ] GC(0) Pause Young (Normal) (G1 Evacuation Pause)
[2021-05-25T22:37:37.225-0700][gc,task      ] GC(0) Using 10 workers of 10 for evacuation
[2021-05-25T22:37:37.232-0700][gc,phases    ] GC(0)   Pre Evacuate Collection Set: 0.0ms
[2021-05-25T22:37:37.232-0700][gc,phases    ] GC(0)   Evacuate Collection Set: 6.3ms
[2021-05-25T22:37:37.232-0700][gc,phases    ] GC(0)   Post Evacuate Collection Set: 0.3ms
[2021-05-25T22:37:37.232-0700][gc,phases    ] GC(0)   Other: 0.8ms
[2021-05-25T22:37:37.232-0700][gc,heap      ] GC(0) Eden regions: 25->0(21)
[2021-05-25T22:37:37.232-0700][gc,heap      ] GC(0) Survivor regions: 0->4(4)
[2021-05-25T22:37:37.232-0700][gc,heap      ] GC(0) Old regions: 2->4
[2021-05-25T22:37:37.232-0700][gc,heap      ] GC(0) Humongous regions: 0->0
[2021-05-25T22:37:37.232-0700][gc,metaspace ] GC(0) Metaspace: 7726K->7726K(1056768K)
[2021-05-25T22:37:37.232-0700][gc           ] GC(0) Pause Young (Normal) (G1 Evacuation Pause) 25M->5M(512M) 7.527ms
[2021-05-25T22:37:37.232-0700][gc,cpu       ] GC(0) User=0.06s Sys=0.00s Real=0.00s
[2021-05-25T22:51:12.059-0700][gc,start     ] GC(1) Pause Young (Normal) (G1 Evacuation Pause)
[2021-05-25T22:51:12.059-0700][gc,task      ] GC(1) Using 10 workers of 10 for evacuation
[2021-05-25T22:51:12.063-0700][gc,phases    ] GC(1)   Pre Evacuate Collection Set: 0.0ms
[2021-05-25T22:51:12.063-0700][gc,phases    ] GC(1)   Evacuate Collection Set: 3.9ms
[2021-05-25T22:51:12.063-0700][gc,phases    ] GC(1)   Post Evacuate Collection Set: 0.4ms
[2021-05-25T22:51:12.063-0700][gc,phases    ] GC(1)   Other: 0.1ms
[2021-05-25T22:51:12.063-0700][gc,heap      ] GC(1) Eden regions: 21->0(24)
[2021-05-25T22:51:12.063-0700][gc,heap      ] GC(1) Survivor regions: 4->1(4)
[2021-05-25T22:51:12.063-0700][gc,heap      ] GC(1) Old regions: 4->8
[2021-05-25T22:51:12.063-0700][gc,heap      ] GC(1) Humongous regions: 0->0
[2021-05-25T22:51:12.063-0700][gc,metaspace ] GC(1) Metaspace: 8457K->8457K(1056768K)
[2021-05-25T22:51:12.063-0700][gc           ] GC(1) Pause Young (Normal) (G1 Evacuation Pause) 26M->6M(512M) 4.595ms
[2021-05-25T22:51:12.063-0700][gc,cpu       ] GC(1) User=0.03s Sys=0.00s Real=0.01s
[2021-05-25T23:05:38.857-0700][gc,heap,exit ] Heap
[2021-05-25T23:05:38.857-0700][gc,heap,exit ]  garbage-first heap   total 524288K, used 9449K [0x00000000e0000000, 0x0000000100000000)
[2021-05-25T23:05:38.857-0700][gc,heap,exit ]   region size 1024K, 5 young (5120K), 1 survivors (1024K)
[2021-05-25T23:05:38.857-0700][gc,heap,exit ]  Metaspace       used 8465K, capacity 8723K, committed 8960K, reserved 1056768K
[2021-05-25T23:05:38.857-0700][gc,heap,exit ]   class space    used 904K, capacity 1015K, committed 1024K, reserved 1048576K
