[2021-05-30T19:40:57.317-0700][gc,heap] Heap region size: 1M
[2021-05-30T19:40:57.320-0700][gc     ] Using G1
[2021-05-30T19:40:57.320-0700][gc,heap,coops] Heap address: 0x00000000e0000000, size: 512 MB, Compressed Oops mode: 32-bit
[2021-05-30T19:40:57.320-0700][gc,cds       ] Mark closed archive regions in map: [0x00000000fff00000, 0x00000000fff6aff8]
[2021-05-30T19:40:57.320-0700][gc,cds       ] Mark open archive regions in map: [0x00000000ffe00000, 0x00000000ffe46ff8]
[2021-05-30T19:40:58.056-0700][gc,start     ] GC(0) Pause Young (Normal) (G1 Evacuation Pause)
[2021-05-30T19:40:58.056-0700][gc,task      ] GC(0) Using 10 workers of 10 for evacuation
[2021-05-30T19:40:58.065-0700][gc,phases    ] GC(0)   Pre Evacuate Collection Set: 0.0ms
[2021-05-30T19:40:58.065-0700][gc,phases    ] GC(0)   Evacuate Collection Set: 8.0ms
[2021-05-30T19:40:58.065-0700][gc,phases    ] GC(0)   Post Evacuate Collection Set: 0.3ms
[2021-05-30T19:40:58.065-0700][gc,phases    ] GC(0)   Other: 0.5ms
[2021-05-30T19:40:58.065-0700][gc,heap      ] GC(0) Eden regions: 25->0(21)
[2021-05-30T19:40:58.065-0700][gc,heap      ] GC(0) Survivor regions: 0->4(4)
[2021-05-30T19:40:58.065-0700][gc,heap      ] GC(0) Old regions: 2->4
[2021-05-30T19:40:58.065-0700][gc,heap      ] GC(0) Humongous regions: 0->0
[2021-05-30T19:40:58.065-0700][gc,metaspace ] GC(0) Metaspace: 7711K->7711K(1056768K)
[2021-05-30T19:40:58.065-0700][gc           ] GC(0) Pause Young (Normal) (G1 Evacuation Pause) 25M->6M(512M) 8.861ms
[2021-05-30T19:40:58.065-0700][gc,cpu       ] GC(0) User=0.06s Sys=0.00s Real=0.01s
[2021-05-30T19:53:44.753-0700][gc,heap,exit ] Heap
[2021-05-30T19:53:44.753-0700][gc,heap,exit ]  garbage-first heap   total 524288K, used 12327K [0x00000000e0000000, 0x0000000100000000)
[2021-05-30T19:53:44.753-0700][gc,heap,exit ]   region size 1024K, 11 young (11264K), 4 survivors (4096K)
[2021-05-30T19:53:44.753-0700][gc,heap,exit ]  Metaspace       used 8125K, capacity 8467K, committed 8704K, reserved 1056768K
[2021-05-30T19:53:44.753-0700][gc,heap,exit ]   class space    used 903K, capacity 1015K, committed 1024K, reserved 1048576K
