[2021-05-22T11:59:35.886-0700][gc,heap] Heap region size: 1M
[2021-05-22T11:59:35.889-0700][gc     ] Using G1
[2021-05-22T11:59:35.889-0700][gc,heap,coops] Heap address: 0x00000000e0000000, size: 512 MB, Compressed Oops mode: 32-bit
[2021-05-22T11:59:35.889-0700][gc,cds       ] Mark closed archive regions in map: [0x00000000fff00000, 0x00000000fff6aff8]
[2021-05-22T11:59:35.889-0700][gc,cds       ] Mark open archive regions in map: [0x00000000ffe00000, 0x00000000ffe46ff8]
[2021-05-22T11:59:59.211-0700][gc,start     ] GC(0) Pause Young (Normal) (G1 Evacuation Pause)
[2021-05-22T11:59:59.212-0700][gc,task      ] GC(0) Using 10 workers of 10 for evacuation
[2021-05-22T11:59:59.224-0700][gc,phases    ] GC(0)   Pre Evacuate Collection Set: 0.0ms
[2021-05-22T11:59:59.224-0700][gc,phases    ] GC(0)   Evacuate Collection Set: 11.4ms
[2021-05-22T11:59:59.224-0700][gc,phases    ] GC(0)   Post Evacuate Collection Set: 0.3ms
[2021-05-22T11:59:59.224-0700][gc,phases    ] GC(0)   Other: 0.7ms
[2021-05-22T11:59:59.224-0700][gc,heap      ] GC(0) Eden regions: 25->0(21)
[2021-05-22T11:59:59.224-0700][gc,heap      ] GC(0) Survivor regions: 0->4(4)
[2021-05-22T11:59:59.224-0700][gc,heap      ] GC(0) Old regions: 2->4
[2021-05-22T11:59:59.224-0700][gc,heap      ] GC(0) Humongous regions: 0->0
[2021-05-22T11:59:59.224-0700][gc,metaspace ] GC(0) Metaspace: 7635K->7635K(1056768K)
[2021-05-22T11:59:59.224-0700][gc           ] GC(0) Pause Young (Normal) (G1 Evacuation Pause) 25M->5M(512M) 12.500ms
[2021-05-22T11:59:59.224-0700][gc,cpu       ] GC(0) User=0.08s Sys=0.02s Real=0.01s
[2021-05-22T12:04:48.395-0700][gc,start     ] GC(1) Pause Young (Normal) (G1 Evacuation Pause)
[2021-05-22T12:04:48.395-0700][gc,task      ] GC(1) Using 10 workers of 10 for evacuation
[2021-05-22T12:04:48.399-0700][gc,phases    ] GC(1)   Pre Evacuate Collection Set: 0.0ms
[2021-05-22T12:04:48.399-0700][gc,phases    ] GC(1)   Evacuate Collection Set: 3.6ms
[2021-05-22T12:04:48.399-0700][gc,phases    ] GC(1)   Post Evacuate Collection Set: 0.2ms
[2021-05-22T12:04:48.399-0700][gc,phases    ] GC(1)   Other: 0.1ms
[2021-05-22T12:04:48.399-0700][gc,heap      ] GC(1) Eden regions: 21->0(24)
[2021-05-22T12:04:48.399-0700][gc,heap      ] GC(1) Survivor regions: 4->1(4)
[2021-05-22T12:04:48.399-0700][gc,heap      ] GC(1) Old regions: 4->8
[2021-05-22T12:04:48.399-0700][gc,heap      ] GC(1) Humongous regions: 0->0
[2021-05-22T12:04:48.399-0700][gc,metaspace ] GC(1) Metaspace: 8433K->8433K(1056768K)
[2021-05-22T12:04:48.399-0700][gc           ] GC(1) Pause Young (Normal) (G1 Evacuation Pause) 26M->6M(512M) 4.112ms
[2021-05-22T12:04:48.399-0700][gc,cpu       ] GC(1) User=0.02s Sys=0.00s Real=0.01s
[2021-05-22T12:32:09.893-0700][gc,heap,exit ] Heap
[2021-05-22T12:32:09.893-0700][gc,heap,exit ]  garbage-first heap   total 524288K, used 10490K [0x00000000e0000000, 0x0000000100000000)
[2021-05-22T12:32:09.893-0700][gc,heap,exit ]   region size 1024K, 6 young (6144K), 1 survivors (1024K)
[2021-05-22T12:32:09.893-0700][gc,heap,exit ]  Metaspace       used 8471K, capacity 8783K, committed 8960K, reserved 1056768K
[2021-05-22T12:32:09.893-0700][gc,heap,exit ]   class space    used 904K, capacity 1015K, committed 1024K, reserved 1048576K
